test
+- run test
   +- run parallel test prerequisites
      +- run test w
PERF compression_max_turn n=20 p50_ns=414000 p95_ns=573542 p99_ns=697208
PERF compression_total n=20 p50_ns=23722875 p95_ns=30903291 p99_ns=32374334
failed command: ./.zig-cache/o/ffdcbc21a045a88fe956d515389aec48/test --cache-dir=./.zig-cache --seed=0x3f389222 --listen=-

test
+- run test
   +- run parallel test prerequisites
      +- run test w
PERF search_complete n=20 p50_ns=2874125 p95_ns=2931583 p99_ns=3013541
PERF search_incremental_total n=20 p50_ns=2780167 p95_ns=2801333 p99_ns=2837750
PERF search_max_turn n=20 p50_ns=92958 p95_ns=95417 p99_ns=99667
PERF graphics_runtime_stage_4k n=20 p50_ns=6333 p95_ns=7500 p99_ns=7625
PERF graphics_total_prepare_4k n=20 p50_ns=11749042 p95_ns=11927250 p99_ns=12071042
PERF metrics_ticks ticks=100 inline_reads=0 scheduled_jobs=1 client_pumps=0
PERF chunk_framing wire_bytes=279 tls_facing_writes=6
PERF history_burst queued=32 sqlite_queries=1 elapsed_ns=430625
failed command: ./.zig-cache/o/8314ffcae7a9d59f718219faf0bfe048/test --cache-dir=./.zig-cache --seed=0x3f389222 --listen=-

Build Summary: 82/82 steps succeeded; 3487/3487 tests passed
test success
+- run test 35 pass (35 total) 92ms MaxRSS:4M
|  +- compile test Debug native cached 59ms MaxRSS:35M
+- run test 28 pass (28 total) 5s MaxRSS:102M
   +- compile test Debug native success 11s MaxRSS:1G
   |  +- WriteFile cached
   |  +- compile lib lua Debug native cached 49ms MaxRSS:34M
   |  +- compile lib lua Debug native (reused)
   |  +- WriteFile  cached
   |  +- compile lib simdutf ReleaseFast aarch64-macos.13.0 cached 48ms MaxRSS:34M
   |  |  +- WriteFile libc.txt cached
   |  +- WriteFile hwy cached
   |  +- compile lib highway ReleaseFast aarch64-macos.13.0 cached 41ms MaxRSS:35M
   |  |  +- WriteFile libc.txt (reused)
   |  +- compile lib simdutf ReleaseFast aarch64-macos.13.0 (+1 more reused dependencies)
   |  +- compile lib highway ReleaseFast aarch64-macos.13.0 (+1 more reused dependencies)
   |  +- options cached
   |  +- options cached
   |  +- WriteFile props.zig cached
   |  |  +- run exe props-unigen cached
   |  |  |  +- compile exe props-unigen Debug native cached 64ms MaxRSS:35M
   |  |  |     +- run exe uucode_generate (tables.zig) cached
   |  |  |        +- compile exe uucode_generate Debug native cached 61ms MaxRSS:35M
   |  |  +- run exe symbols-unigen cached
   |  |     +- compile exe symbols-unigen Debug native cached 131ms MaxRSS:35M
   |  |        +- run exe uucode_generate (tables.zig) (+1 more reused dependencies)
   |  +- WriteFile props.zig (+2 more reused dependencies)
   |  +- run exe uucode_generate (tables.zig) (+1 more reused dependencies)
   +- run parallel test prerequisites success
      +- run test 29 pass (29 total) 55ms MaxRSS:14M
      |  +- compile test Debug native cached 107ms MaxRSS:36M
      |     +- WriteFile (reused)
      |     +- compile lib lua Debug native (reused)
      |     +- compile lib lua Debug native (reused)
      |     +- WriteFile  (reused)
      |     +- compile lib simdutf ReleaseFast aarch64-macos.13.0 (+1 more reused dependencies)
      |     +- WriteFile hwy (reused)
      |     +- compile lib highway ReleaseFast aarch64-macos.13.0 (+1 more reused dependencies)
      |     +- compile lib simdutf ReleaseFast aarch64-macos.13.0 (+1 more reused dependencies)
      |     +- compile lib highway ReleaseFast aarch64-macos.13.0 (+1 more reused dependencies)
      |     +- options (reused)
      |     +- options (reused)
      |     +- WriteFile props.zig (+2 more reused dependencies)
      |     +- WriteFile props.zig (+2 more reused dependencies)
      |     +- run exe uucode_generate (tables.zig) (+1 more reused dependencies)
      +- run test 43 pass (43 total) 111ms MaxRSS:14M
      |  +- compile test Debug native cached 89ms MaxRSS:36M
      |     +- WriteFile (reused)
      |     +- compile lib lua Debug native (reused)
      |     +- compile lib lua Debug native (reused)
      |     +- WriteFile  (reused)
      |     +- compile lib simdutf ReleaseFast aarch64-macos.13.0 (+1 more reused dependencies)
      |     +- WriteFile hwy (reused)
      |     +- compile lib highway ReleaseFast aarch64-macos.13.0 (+1 more reused dependencies)
      |     +- compile lib simdutf ReleaseFast aarch64-macos.13.0 (+1 more reused dependencies)
      |     +- compile lib highway ReleaseFast aarch64-macos.13.0 (+1 more reused dependencies)
      |     +- options (reused)
      |     +- options (reused)
      |     +- WriteFile props.zig (+2 more reused dependencies)
      |     +- WriteFile props.zig (+2 more reused dependencies)
      |     +- run exe uucode_generate (tables.zig) (+1 more reused dependencies)
      +- run test 6 pass (6 total) 72ms MaxRSS:14M
      |  +- compile test Debug native cached 90ms MaxRSS:36M
      |     +- WriteFile (reused)
      |     +- compile lib lua Debug native (reused)
      |     +- compile lib lua Debug native (reused)
      |     +- WriteFile  (reused)
      |     +- compile lib simdutf ReleaseFast aarch64-macos.13.0 (+1 more reused dependencies)
      |     +- WriteFile hwy (reused)
      |     +- compile lib highway ReleaseFast aarch64-macos.13.0 (+1 more reused dependencies)
      |     +- compile lib simdutf ReleaseFast aarch64-macos.13.0 (+1 more reused dependencies)
      |     +- compile lib highway ReleaseFast aarch64-macos.13.0 (+1 more reused dependencies)
      |     +- options (reused)
      |     +- options (reused)
      |     +- WriteFile props.zig (+2 more reused dependencies)
      |     +- WriteFile props.zig (+2 more reused dependencies)
      |     +- run exe uucode_generate (tables.zig) (+1 more reused dependencies)
      +- run test 2 pass (2 total) 58ms MaxRSS:14M
      |  +- compile test Debug native cached 90ms MaxRSS:36M
      |     +- WriteFile (reused)
      |     +- compile lib lua Debug native (reused)
      |     +- compile lib lua Debug native (reused)
      |     +- WriteFile  (reused)
      |     +- compile lib simdutf ReleaseFast aarch64-macos.13.0 (+1 more reused dependencies)
      |     +- WriteFile hwy (reused)
      |     +- compile lib highway ReleaseFast aarch64-macos.13.0 (+1 more reused dependencies)
      |     +- compile lib simdutf ReleaseFast aarch64-macos.13.0 (+1 more reused dependencies)
      |     +- compile lib highway ReleaseFast aarch64-macos.13.0 (+1 more reused dependencies)
      |     +- options (reused)
      |     +- options (reused)
      |     +- WriteFile props.zig (+2 more reused dependencies)
      |     +- WriteFile props.zig (+2 more reused dependencies)
      |     +- run exe uucode_generate (tables.zig) (+1 more reused dependencies)
      +- run test 8 pass (8 total) 127ms MaxRSS:14M
      |  +- compile test Debug native cached 81ms MaxRSS:36M
      |     +- WriteFile (reused)
      |     +- compile lib lua Debug native (reused)
      |     +- compile lib lua Debug native (reused)
      |     +- WriteFile  (reused)
      |     +- compile lib simdutf ReleaseFast aarch64-macos.13.0 (+1 more reused dependencies)
      |     +- WriteFile hwy (reused)
      |     +- compile lib highway ReleaseFast aarch64-macos.13.0 (+1 more reused dependencies)
      |     +- compile lib simdutf ReleaseFast aarch64-macos.13.0 (+1 more reused dependencies)
      |     +- compile lib highway ReleaseFast aarch64-macos.13.0 (+1 more reused dependencies)
      |     +- options (reused)
      |     +- options (reused)
      |     +- WriteFile props.zig (+2 more reused dependencies)
      |     +- WriteFile props.zig (+2 more reused dependencies)
      |     +- run exe uucode_generate (tables.zig) (+1 more reused dependencies)
      +- run test 5 pass (5 total) 62ms MaxRSS:15M
      |  +- compile test Debug native cached 88ms MaxRSS:36M
      |     +- WriteFile (reused)
      |     +- compile lib lua Debug native (reused)
      |     +- compile lib lua Debug native (reused)
      |     +- WriteFile  (reused)
      |     +- compile lib simdutf ReleaseFast aarch64-macos.13.0 (+1 more reused dependencies)
      |     +- WriteFile hwy (reused)
      |     +- compile lib highway ReleaseFast aarch64-macos.13.0 (+1 more reused dependencies)
      |     +- compile lib simdutf ReleaseFast aarch64-macos.13.0 (+1 more reused dependencies)
      |     +- compile lib highway ReleaseFast aarch64-macos.13.0 (+1 more reused dependencies)
      |     +- options (reused)
      |     +- options (reused)
      |     +- WriteFile props.zig (+2 more reused dependencies)
      |     +- WriteFile props.zig (+2 more reused dependencies)
      |     +- run exe uucode_generate (tables.zig) (+1 more reused dependencies)
      +- run test 4 pass (4 total) 82ms MaxRSS:14M
      |  +- compile test Debug native cached 75ms MaxRSS:36M
      |     +- WriteFile (reused)
      |     +- compile lib lua Debug native (reused)
      |     +- compile lib lua Debug native (reused)
      |     +- WriteFile  (reused)
      |     +- compile lib simdutf ReleaseFast aarch64-macos.13.0 (+1 more reused dependencies)
      |     +- WriteFile hwy (reused)
      |     +- compile lib highway ReleaseFast aarch64-macos.13.0 (+1 more reused dependencies)
      |     +- compile lib simdutf ReleaseFast aarch64-macos.13.0 (+1 more reused dependencies)
      |     +- compile lib highway ReleaseFast aarch64-macos.13.0 (+1 more reused dependencies)
      |     +- options (reused)
      |     +- options (reused)
      |     +- WriteFile props.zig (+2 more reused dependencies)
      |     +- WriteFile props.zig (+2 more reused dependencies)
      |     +- run exe uucode_generate (tables.zig) (+1 more reused dependencies)
      +- run test 91 pass (91 total) 106ms MaxRSS:24M
      |  +- compile test Debug native cached 97ms MaxRSS:36M
      |     +- WriteFile (reused)
      |     +- compile lib lua Debug native (reused)
      |     +- compile lib lua Debug native (reused)
      |     +- WriteFile  (reused)
      |     +- compile lib simdutf ReleaseFast aarch64-macos.13.0 (+1 more reused dependencies)
      |     +- WriteFile hwy (reused)
      |     +- compile lib highway ReleaseFast aarch64-macos.13.0 (+1 more reused dependencies)
      |     +- compile lib simdutf ReleaseFast aarch64-macos.13.0 (+1 more reused dependencies)
      |     +- compile lib highway ReleaseFast aarch64-macos.13.0 (+1 more reused dependencies)
      |     +- options (reused)
      |     +- options (reused)
      |     +- WriteFile props.zig (+2 more reused dependencies)
      |     +- WriteFile props.zig (+2 more reused dependencies)
      |     +- run exe uucode_generate (tables.zig) (+1 more reused dependencies)
      +- run test 3 pass (3 total) 77ms MaxRSS:15M
      |  +- compile test Debug native cached 98ms MaxRSS:36M
      |     +- WriteFile (reused)
      |     +- compile lib lua Debug native (reused)
      |     +- compile lib lua Debug native (reused)
      |     +- WriteFile  (reused)
      |     +- compile lib simdutf ReleaseFast aarch64-macos.13.0 (+1 more reused dependencies)
      |     +- WriteFile hwy (reused)
      |     +- compile lib highway ReleaseFast aarch64-macos.13.0 (+1 more reused dependencies)
      |     +- compile lib simdutf ReleaseFast aarch64-macos.13.0 (+1 more reused dependencies)
      |     +- compile lib highway ReleaseFast aarch64-macos.13.0 (+1 more reused dependencies)
      |     +- options (reused)
      |     +- options (reused)
      |     +- WriteFile props.zig (+2 more reused dependencies)
      |     +- WriteFile props.zig (+2 more reused dependencies)
      |     +- run exe uucode_generate (tables.zig) (+1 more reused dependencies)
      +- run test 30 pass (30 total) 764ms MaxRSS:14M
      |  +- compile test Debug native success 2s MaxRSS:361M
      |     +- WriteFile (reused)
      |     +- compile lib lua Debug native (reused)
      |     +- compile lib lua Debug native (reused)
      |     +- WriteFile  (reused)
      |     +- compile lib simdutf ReleaseFast aarch64-macos.13.0 (+1 more reused dependencies)
      |     +- WriteFile hwy (reused)
      |     +- compile lib highway ReleaseFast aarch64-macos.13.0 (+1 more reused dependencies)
      |     +- compile lib simdutf ReleaseFast aarch64-macos.13.0 (+1 more reused dependencies)
      |     +- compile lib highway ReleaseFast aarch64-macos.13.0 (+1 more reused dependencies)
      |     +- options (reused)
      |     +- options (reused)
      |     +- WriteFile props.zig (+2 more reused dependencies)
      |     +- WriteFile props.zig (+2 more reused dependencies)
      |     +- run exe uucode_generate (tables.zig) (+1 more reused dependencies)
      +- run test 1344 pass (1344 total) 11s MaxRSS:75M
      |  +- compile test Debug native success 9s MaxRSS:1G
      |     +- WriteFile (reused)
      |     +- compile lib lua Debug native (reused)
      |     +- compile lib lua Debug native (reused)
      |     +- WriteFile  (reused)
      |     +- compile lib simdutf ReleaseFast aarch64-macos.13.0 (+1 more reused dependencies)
      |     +- WriteFile hwy (reused)
      |     +- compile lib highway ReleaseFast aarch64-macos.13.0 (+1 more reused dependencies)
      |     +- compile lib simdutf ReleaseFast aarch64-macos.13.0 (+1 more reused dependencies)
      |     +- compile lib highway ReleaseFast aarch64-macos.13.0 (+1 more reused dependencies)
      |     +- options (reused)
      |     +- options (reused)
      |     +- WriteFile props.zig (+2 more reused dependencies)
      |     +- WriteFile props.zig (+2 more reused dependencies)
      |     +- run exe uucode_generate (tables.zig) (+1 more reused dependencies)
      +- run test 1 pass (1 total) 1s MaxRSS:14M
      |  +- compile test Debug native success 2s MaxRSS:501M
      |     +- WriteFile (reused)
      |     +- compile lib lua Debug native (reused)
      |     +- compile lib lua Debug native (reused)
      |     +- WriteFile  (reused)
      |     +- compile lib simdutf ReleaseFast aarch64-macos.13.0 (+1 more reused dependencies)
      |     +- WriteFile hwy (reused)
      |     +- compile lib highway ReleaseFast aarch64-macos.13.0 (+1 more reused dependencies)
      |     +- compile lib simdutf ReleaseFast aarch64-macos.13.0 (+1 more reused dependencies)
      |     +- compile lib highway ReleaseFast aarch64-macos.13.0 (+1 more reused dependencies)
      |     +- options (reused)
      |     +- options (reused)
      |     +- WriteFile props.zig (+2 more reused dependencies)
      |     +- WriteFile props.zig (+2 more reused dependencies)
      |     +- run exe uucode_generate (tables.zig) (+1 more reused dependencies)
      +- run test 6 pass (6 total) 102ms MaxRSS:14M
      |  +- compile test Debug native cached 78ms MaxRSS:36M
      |     +- WriteFile (reused)
      |     +- compile lib lua Debug native (reused)
      |     +- compile lib lua Debug native (reused)
      |     +- WriteFile  (reused)
      |     +- compile lib simdutf ReleaseFast aarch64-macos.13.0 (+1 more reused dependencies)
      |     +- WriteFile hwy (reused)
      |     +- compile lib highway ReleaseFast aarch64-macos.13.0 (+1 more reused dependencies)
      |     +- compile lib simdutf ReleaseFast aarch64-macos.13.0 (+1 more reused dependencies)
      |     +- compile lib highway ReleaseFast aarch64-macos.13.0 (+1 more reused dependencies)
      |     +- options (reused)
      |     +- options (reused)
      |     +- WriteFile props.zig (+2 more reused dependencies)
      |     +- WriteFile props.zig (+2 more reused dependencies)
      |     +- run exe uucode_generate (tables.zig) (+1 more reused dependencies)
      +- run test 3 pass (3 total) 60ms MaxRSS:14M
      |  +- compile test Debug native cached 103ms MaxRSS:36M
      |     +- WriteFile (reused)
      |     +- compile lib lua Debug native (reused)
      |     +- compile lib lua Debug native (reused)
      |     +- WriteFile  (reused)
      |     +- compile lib simdutf ReleaseFast aarch64-macos.13.0 (+1 more reused dependencies)
      |     +- WriteFile hwy (reused)
      |     +- compile lib highway ReleaseFast aarch64-macos.13.0 (+1 more reused dependencies)
      |     +- compile lib simdutf ReleaseFast aarch64-macos.13.0 (+1 more reused dependencies)
      |     +- compile lib highway ReleaseFast aarch64-macos.13.0 (+1 more reused dependencies)
      |     +- options (reused)
      |     +- options (reused)
      |     +- WriteFile props.zig (+2 more reused dependencies)
      |     +- WriteFile props.zig (+2 more reused dependencies)
      |     +- run exe uucode_generate (tables.zig) (+1 more reused dependencies)
      +- run test 4 pass (4 total) 952ms MaxRSS:14M
      |  +- compile test Debug native success 2s MaxRSS:485M
      |     +- WriteFile (reused)
      |     +- compile lib lua Debug native (reused)
      |     +- compile lib lua Debug native (reused)
      |     +- WriteFile  (reused)
      |     +- compile lib simdutf ReleaseFast aarch64-macos.13.0 (+1 more reused dependencies)
      |     +- WriteFile hwy (reused)
      |     +- compile lib highway ReleaseFast aarch64-macos.13.0 (+1 more reused dependencies)
      |     +- compile lib simdutf ReleaseFast aarch64-macos.13.0 (+1 more reused dependencies)
      |     +- compile lib highway ReleaseFast aarch64-macos.13.0 (+1 more reused dependencies)
      |     +- options (reused)
      |     +- options (reused)
      |     +- WriteFile props.zig (+2 more reused dependencies)
      |     +- WriteFile props.zig (+2 more reused dependencies)
      |     +- run exe uucode_generate (tables.zig) (+1 more reused dependencies)
      +- run test 508 pass (508 total) 1s MaxRSS:55M
      |  +- compile test Debug native success 13s MaxRSS:1G
      |     +- WriteFile (reused)
      |     +- compile lib lua Debug native (reused)
      |     +- compile lib lua Debug native (reused)
      |     +- WriteFile  (reused)
      |     +- compile lib simdutf ReleaseFast aarch64-macos.13.0 (+1 more reused dependencies)
      |     +- WriteFile hwy (reused)
      |     +- compile lib highway ReleaseFast aarch64-macos.13.0 (+1 more reused dependencies)
      |     +- compile lib simdutf ReleaseFast aarch64-macos.13.0 (+1 more reused dependencies)
      |     +- compile lib highway ReleaseFast aarch64-macos.13.0 (+1 more reused dependencies)
      |     +- options (reused)
      |     +- options (reused)
      |     +- WriteFile props.zig (+2 more reused dependencies)
      |     +- WriteFile props.zig (+2 more reused dependencies)
      |     +- run exe uucode_generate (tables.zig) (+1 more reused dependencies)
      +- run test 20 pass (20 total) 546ms MaxRSS:18M
      |  +- compile test Debug native success 5s MaxRSS:613M
      |     +- WriteFile (reused)
      |     +- compile lib lua Debug native (reused)
      |     +- compile lib lua Debug native (reused)
      |     +- WriteFile  (reused)
      |     +- compile lib simdutf ReleaseFast aarch64-macos.13.0 (+1 more reused dependencies)
      |     +- WriteFile hwy (reused)
      |     +- compile lib highway ReleaseFast aarch64-macos.13.0 (+1 more reused dependencies)
      |     +- compile lib simdutf ReleaseFast aarch64-macos.13.0 (+1 more reused dependencies)
      |     +- compile lib highway ReleaseFast aarch64-macos.13.0 (+1 more reused dependencies)
      |     +- options (reused)
      |     +- options (reused)
      |     +- WriteFile props.zig (+2 more reused dependencies)
      |     +- WriteFile props.zig (+2 more reused dependencies)
      |     +- run exe uucode_generate (tables.zig) (+1 more reused dependencies)
      +- run test 6 pass (6 total) 652ms MaxRSS:14M
      |  +- compile test Debug native success 2s MaxRSS:484M
      |     +- WriteFile (reused)
      |     +- compile lib lua Debug native (reused)
      |     +- compile lib lua Debug native (reused)
      |     +- WriteFile  (reused)
      |     +- compile lib simdutf ReleaseFast aarch64-macos.13.0 (+1 more reused dependencies)
      |     +- WriteFile hwy (reused)
      |     +- compile lib highway ReleaseFast aarch64-macos.13.0 (+1 more reused dependencies)
      |     +- compile lib simdutf ReleaseFast aarch64-macos.13.0 (+1 more reused dependencies)
      |     +- compile lib highway ReleaseFast aarch64-macos.13.0 (+1 more reused dependencies)
      |     +- options (reused)
      |     +- options (reused)
      |     +- WriteFile props.zig (+2 more reused dependencies)
      |     +- WriteFile props.zig (+2 more reused dependencies)
      |     +- run exe uucode_generate (tables.zig) (+1 more reused dependencies)
      +- run test 76 pass (76 total) 849ms MaxRSS:25M
      |  +- compile test Debug native success 10s MaxRSS:747M
      |     +- WriteFile (reused)
      |     +- compile lib lua Debug native (reused)
      |     +- compile lib lua Debug native (reused)
      |     +- WriteFile  (reused)
      |     +- compile lib simdutf ReleaseFast aarch64-macos.13.0 (+1 more reused dependencies)
      |     +- WriteFile hwy (reused)
      |     +- compile lib highway ReleaseFast aarch64-macos.13.0 (+1 more reused dependencies)
      |     +- compile lib simdutf ReleaseFast aarch64-macos.13.0 (+1 more reused dependencies)
      |     +- compile lib highway ReleaseFast aarch64-macos.13.0 (+1 more reused dependencies)
      |     +- options (reused)
      |     +- options (reused)
      |     +- WriteFile props.zig (+2 more reused dependencies)
      |     +- WriteFile props.zig (+2 more reused dependencies)
      |     +- run exe uucode_generate (tables.zig) (+1 more reused dependencies)
      +- run test 29 pass (29 total) 526ms MaxRSS:15M
      |  +- compile test Debug native cached 75ms MaxRSS:36M
      |     +- WriteFile (reused)
      |     +- compile lib lua Debug native (reused)
      |     +- compile lib lua Debug native (reused)
      |     +- WriteFile  (reused)
      |     +- compile lib simdutf ReleaseFast aarch64-macos.13.0 (+1 more reused dependencies)
      |     +- WriteFile hwy (reused)
      |     +- compile lib highway ReleaseFast aarch64-macos.13.0 (+1 more reused dependencies)
      |     +- compile lib simdutf ReleaseFast aarch64-macos.13.0 (+1 more reused dependencies)
      |     +- compile lib highway ReleaseFast aarch64-macos.13.0 (+1 more reused dependencies)
      |     +- options (reused)
      |     +- options (reused)
      |     +- WriteFile props.zig (+2 more reused dependencies)
      |     +- WriteFile props.zig (+2 more reused dependencies)
      |     +- run exe uucode_generate (tables.zig) (+1 more reused dependencies)
      +- run test 1058 pass (1058 total) 7s MaxRSS:165M
      |  +- compile test Debug native success 19s MaxRSS:1G
      |     +- WriteFile (reused)
      |     +- compile lib lua Debug native (reused)
      |     +- compile lib lua Debug native (reused)
      |     +- WriteFile  (reused)
      |     +- compile lib simdutf ReleaseFast aarch64-macos.13.0 (+1 more reused dependencies)
      |     +- WriteFile hwy (reused)
      |     +- compile lib highway ReleaseFast aarch64-macos.13.0 (+1 more reused dependencies)
      |     +- compile lib simdutf ReleaseFast aarch64-macos.13.0 (+1 more reused dependencies)
      |     +- compile lib highway ReleaseFast aarch64-macos.13.0 (+1 more reused dependencies)
      |     +- options (reused)
      |     +- options (reused)
      |     +- WriteFile props.zig (+2 more reused dependencies)
      |     +- WriteFile props.zig (+2 more reused dependencies)
      |     +- run exe uucode_generate (tables.zig) (+1 more reused dependencies)
      +- run test 4 pass (4 total) 471ms MaxRSS:14M
      |  +- compile test Debug native success 2s MaxRSS:342M
      |     +- WriteFile (reused)
      |     +- compile lib lua Debug native (reused)
      |     +- compile lib lua Debug native (reused)
      |     +- WriteFile  (reused)
      |     +- compile lib simdutf ReleaseFast aarch64-macos.13.0 (+1 more reused dependencies)
      |     +- WriteFile hwy (reused)
      |     +- compile lib highway ReleaseFast aarch64-macos.13.0 (+1 more reused dependencies)
      |     +- compile lib simdutf ReleaseFast aarch64-macos.13.0 (+1 more reused dependencies)
      |     +- compile lib highway ReleaseFast aarch64-macos.13.0 (+1 more reused dependencies)
      |     +- options (reused)
      |     +- options (reused)
      |     +- WriteFile props.zig (+2 more reused dependencies)
      |     +- WriteFile props.zig (+2 more reused dependencies)
      |     +- run exe uucode_generate (tables.zig) (+1 more reused dependencies)
      +- run test 104 pass (104 total) 703ms MaxRSS:17M
      |  +- compile test Debug native success 5s MaxRSS:669M
      |     +- WriteFile (reused)
      |     +- compile lib lua Debug native (reused)
      |     +- compile lib lua Debug native (reused)
      |     +- WriteFile  (reused)
      |     +- compile lib simdutf ReleaseFast aarch64-macos.13.0 (+1 more reused dependencies)
      |     +- WriteFile hwy (reused)
      |     +- compile lib highway ReleaseFast aarch64-macos.13.0 (+1 more reused dependencies)
      |     +- compile lib simdutf ReleaseFast aarch64-macos.13.0 (+1 more reused dependencies)
      |     +- compile lib highway ReleaseFast aarch64-macos.13.0 (+1 more reused dependencies)
      |     +- options (reused)
      |     +- options (reused)
      |     +- WriteFile props.zig (+2 more reused dependencies)
      |     +- WriteFile props.zig (+2 more reused dependencies)
      |     +- run exe uucode_generate (tables.zig) (+1 more reused dependencies)
      +- run test 35 pass (35 total) 529ms MaxRSS:15M
      |  +- compile test Debug native success 2s MaxRSS:503M
      |     +- WriteFile (reused)
      |     +- compile lib lua Debug native (reused)
      |     +- compile lib lua Debug native (reused)
      |     +- WriteFile  (reused)
      |     +- compile lib simdutf ReleaseFast aarch64-macos.13.0 (+1 more reused dependencies)
      |     +- WriteFile hwy (reused)
      |     +- compile lib highway ReleaseFast aarch64-macos.13.0 (+1 more reused dependencies)
      |     +- compile lib simdutf ReleaseFast aarch64-macos.13.0 (+1 more reused dependencies)
      |     +- compile lib highway ReleaseFast aarch64-macos.13.0 (+1 more reused dependencies)
      |     +- options (reused)
      |     +- options (reused)
      |     +- WriteFile props.zig (+2 more reused dependencies)
      |     +- WriteFile props.zig (+2 more reused dependencies)
      |     +- run exe uucode_generate (tables.zig) (+1 more reused dependencies)
      +- run test 2 pass (2 total) 621ms MaxRSS:18M
      |  +- compile test Debug native success 5s MaxRSS:762M
      |     +- WriteFile (reused)
      |     +- compile lib lua Debug native (reused)
      |     +- compile lib lua Debug native (reused)
      |     +- WriteFile  (reused)
      |     +- compile lib simdutf ReleaseFast aarch64-macos.13.0 (+1 more reused dependencies)
      |     +- WriteFile hwy (reused)
      |     +- compile lib highway ReleaseFast aarch64-macos.13.0 (+1 more reused dependencies)
      |     +- compile lib simdutf ReleaseFast aarch64-macos.13.0 (+1 more reused dependencies)
      |     +- compile lib highway ReleaseFast aarch64-macos.13.0 (+1 more reused dependencies)
      |     +- options (reused)
      |     +- options (reused)
      |     +- WriteFile props.zig (+2 more reused dependencies)
      |     +- WriteFile props.zig (+2 more reused dependencies)
      |     +- run exe uucode_generate (tables.zig) (+1 more reused dependencies)
      +- run test 3 pass (3 total) 9ms MaxRSS:2M
      |  +- compile test Debug native cached 57ms MaxRSS:35M
      +- cross success
         +- compile obj platform-windows Debug x86_64-windows cached 44ms MaxRSS:35M
         +- compile lib text-rasterizer-windows Debug x86_64-windows cached 122ms MaxRSS:36M
         +- compile test Debug x86_64-windows success 652ms MaxRSS:131M
         +- compile obj platform-linux Debug x86_64-linux-gnu cached 53ms MaxRSS:34M
         +- compile lib text-rasterizer-linux Debug x86_64-linux-gnu cached 144ms MaxRSS:35M
         +- compile test Debug x86_64-linux-gnu success 304ms MaxRSS:102M
         +- compile obj local-transport-linux Debug x86_64-linux-gnu success 132ms MaxRSS:83M

