Build Summary: 17/17 steps succeeded; 751/751 tests passed
test-client success
+- run test 751 pass (751 total) 1s MaxRSS:36M
   +- compile test Debug native success 6s MaxRSS:774M
      +- WriteFile  cached
      +- compile lib simdutf ReleaseFast aarch64-macos.13.0 cached 76ms MaxRSS:34M
      |  +- WriteFile libc.txt cached
      +- WriteFile hwy cached
      +- compile lib highway ReleaseFast aarch64-macos.13.0 cached 68ms MaxRSS:35M
      |  +- WriteFile libc.txt (reused)
      +- compile lib simdutf ReleaseFast aarch64-macos.13.0 (+1 more reused dependencies)
      +- compile lib highway ReleaseFast aarch64-macos.13.0 (+1 more reused dependencies)
      +- options cached
      +- options cached
      +- WriteFile props.zig cached
      |  +- run exe props-unigen cached
      |  |  +- compile exe props-unigen Debug native cached 86ms MaxRSS:35M
      |  |     +- run exe uucode_generate (tables.zig) cached
      |  |        +- compile exe uucode_generate Debug native cached 87ms MaxRSS:35M
      |  +- run exe symbols-unigen cached
      |     +- compile exe symbols-unigen Debug native cached 86ms MaxRSS:35M
      |        +- run exe uucode_generate (tables.zig) (+1 more reused dependencies)
      +- WriteFile props.zig (+2 more reused dependencies)
      +- run exe uucode_generate (tables.zig) (+1 more reused dependencies)
