{"type":"metadata","zig":"0.16.0","mode":"ReleaseFast","arch":"aarch64","cpu":"apple_m3","os":"macos","cols":154,"rows":37,"samples":20,"sample_target_ns":40000000}
{"type":"benchmark","name":"backend.damage.one_cell","iterations":70716,"samples":20,"median_ns_per_op":567,"min_ns_per_op":565,"p95_ns_per_op":571,"p99_ns_per_op":572,"work_per_op":154,"work_unit":"cells","work_per_second":271604938,"payload_bytes_per_op":0,"p99_budget_ns":1000000}
{"type":"benchmark","name":"backend.damage.fragmented","iterations":2305,"samples":20,"median_ns_per_op":17435,"min_ns_per_op":17378,"p95_ns_per_op":17503,"p99_ns_per_op":17537,"work_per_op":4312,"work_unit":"cells","work_per_second":247318611,"payload_bytes_per_op":0,"p99_budget_ns":1000000}
{"type":"benchmark","name":"backend.damage.full_screen","iterations":6140,"samples":20,"median_ns_per_op":6481,"min_ns_per_op":6424,"p95_ns_per_op":6655,"p99_ns_per_op":6719,"work_per_op":5698,"work_unit":"cells","work_per_second":879185310,"payload_bytes_per_op":0,"p99_budget_ns":1000000}
{"type":"benchmark","name":"backend.frame.fragmented","iterations":1811,"samples":20,"median_ns_per_op":21981,"min_ns_per_op":21772,"p95_ns_per_op":25461,"p99_ns_per_op":47914,"work_per_op":4312,"work_unit":"cells","work_per_second":196169419,"payload_bytes_per_op":2786,"p99_budget_ns":1000000}
{"type":"benchmark","name":"backend.history.input_scan","iterations":948265,"samples":20,"median_ns_per_op":41,"min_ns_per_op":40,"p95_ns_per_op":45,"p99_ns_per_op":50,"work_per_op":30,"work_unit":"bytes","work_per_second":731707317,"payload_bytes_per_op":0,"p99_budget_ns":1000000}
{"type":"benchmark","name":"schema.encode.one_cell","iterations":3061936,"samples":20,"median_ns_per_op":13,"min_ns_per_op":12,"p95_ns_per_op":13,"p99_ns_per_op":13,"work_per_op":1,"work_unit":"cells","work_per_second":76923076,"payload_bytes_per_op":75,"p99_budget_ns":1000000}
{"type":"benchmark","name":"schema.encode.fragmented","iterations":14531,"samples":20,"median_ns_per_op":2757,"min_ns_per_op":2744,"p95_ns_per_op":2777,"p99_ns_per_op":2790,"work_per_op":448,"work_unit":"cells","work_per_second":162495466,"payload_bytes_per_op":4867,"p99_budget_ns":1000000}
{"type":"benchmark","name":"schema.encode.full_screen","iterations":1337,"samples":20,"median_ns_per_op":29933,"min_ns_per_op":29725,"p95_ns_per_op":30095,"p99_ns_per_op":30118,"work_per_op":5698,"work_unit":"cells","work_per_second":190358467,"payload_bytes_per_op":13359,"p99_budget_ns":1000000}
{"type":"benchmark","name":"schema.decode.one_cell","iterations":3197030,"samples":20,"median_ns_per_op":12,"min_ns_per_op":12,"p95_ns_per_op":12,"p99_ns_per_op":12,"work_per_op":1,"work_unit":"cells","work_per_second":83333333,"payload_bytes_per_op":75,"p99_budget_ns":1000000}
{"type":"benchmark","name":"schema.decode.fragmented","iterations":104318,"samples":20,"median_ns_per_op":385,"min_ns_per_op":383,"p95_ns_per_op":386,"p99_ns_per_op":387,"work_per_op":448,"work_unit":"cells","work_per_second":1163636363,"payload_bytes_per_op":4867,"p99_budget_ns":1000000}
{"type":"benchmark","name":"schema.decode.full_screen","iterations":3236959,"samples":20,"median_ns_per_op":12,"min_ns_per_op":12,"p95_ns_per_op":12,"p99_ns_per_op":12,"work_per_op":5698,"work_unit":"cells","work_per_second":474833333333,"payload_bytes_per_op":13359,"p99_budget_ns":1000000}
{"type":"benchmark","name":"frontend.pipeline.one_cell","iterations":355800,"samples":20,"median_ns_per_op":111,"min_ns_per_op":111,"p95_ns_per_op":112,"p99_ns_per_op":112,"work_per_op":1,"work_unit":"cells","work_per_second":9009009,"payload_bytes_per_op":75,"p99_budget_ns":1000000}
{"type":"benchmark","name":"frontend.pipeline.fragmented","iterations":2160,"samples":20,"median_ns_per_op":18515,"min_ns_per_op":18303,"p95_ns_per_op":18707,"p99_ns_per_op":18832,"work_per_op":448,"work_unit":"cells","work_per_second":24196597,"payload_bytes_per_op":4867,"p99_budget_ns":1000000}
{"type":"benchmark","name":"frontend.pipeline.full_screen","iterations":577,"samples":20,"median_ns_per_op":69609,"min_ns_per_op":69189,"p95_ns_per_op":69887,"p99_ns_per_op":70016,"work_per_op":5698,"work_unit":"cells","work_per_second":81857231,"payload_bytes_per_op":13359,"p99_budget_ns":1000000}
{"type":"benchmark","name":"frontend.outbox.input","iterations":4227591,"samples":20,"median_ns_per_op":9,"min_ns_per_op":9,"p95_ns_per_op":9,"p99_ns_per_op":9,"work_per_op":12,"work_unit":"bytes","work_per_second":1333333333,"payload_bytes_per_op":0,"p99_budget_ns":1000000}
{"type":"benchmark","name":"frontend.keybind.route","iterations":204181,"samples":20,"median_ns_per_op":192,"min_ns_per_op":191,"p95_ns_per_op":193,"p99_ns_per_op":194,"work_per_op":12,"work_unit":"keys","work_per_second":62500000,"payload_bytes_per_op":0,"p99_budget_ns":1000000}
{"type":"benchmark","name":"frontend.lua.callback","iterations":68559,"samples":20,"median_ns_per_op":515,"min_ns_per_op":501,"p95_ns_per_op":589,"p99_ns_per_op":624,"work_per_op":1,"work_unit":"callbacks","work_per_second":1941747,"payload_bytes_per_op":0,"p99_budget_ns":1000000}
{"type":"benchmark","name":"frontend.pacer.late_frame","iterations":13381182,"samples":20,"median_ns_per_op":2,"min_ns_per_op":2,"p95_ns_per_op":2,"p99_ns_per_op":5,"work_per_op":1,"work_unit":"frames","work_per_second":500000000,"payload_bytes_per_op":0,"p99_budget_ns":1000000}
{"type":"benchmark","name":"frontend.flush.cursor_only","iterations":474043,"samples":20,"median_ns_per_op":84,"min_ns_per_op":84,"p95_ns_per_op":85,"p99_ns_per_op":85,"work_per_op":1,"work_unit":"frames","work_per_second":11904761,"payload_bytes_per_op":0,"p99_budget_ns":1000000}
{"type":"benchmark","name":"frontend.client_ui.chrome.tabs_1","iterations":1911,"samples":20,"median_ns_per_op":20941,"min_ns_per_op":20782,"p95_ns_per_op":21059,"p99_ns_per_op":21071,"work_per_op":1778,"work_unit":"cells","work_per_second":84905209,"payload_bytes_per_op":0,"p99_budget_ns":1000000}
{"type":"benchmark","name":"frontend.client_ui.chrome.tabs_8","iterations":1676,"samples":20,"median_ns_per_op":23645,"min_ns_per_op":23477,"p95_ns_per_op":23750,"p99_ns_per_op":23921,"work_per_op":1778,"work_unit":"cells","work_per_second":75195601,"payload_bytes_per_op":0,"p99_budget_ns":1000000}
{"type":"benchmark","name":"frontend.client_ui.chrome.tabs_64","iterations":1480,"samples":20,"median_ns_per_op":26875,"min_ns_per_op":26696,"p95_ns_per_op":27378,"p99_ns_per_op":27655,"work_per_op":1778,"work_unit":"cells","work_per_second":66158139,"payload_bytes_per_op":0,"p99_budget_ns":1000000}
{"type":"benchmark","name":"frontend.layout.directional_focus","iterations":497360,"samples":20,"median_ns_per_op":82,"min_ns_per_op":80,"p95_ns_per_op":82,"p99_ns_per_op":82,"work_per_op":4,"work_unit":"panes","work_per_second":48780487,"payload_bytes_per_op":0,"p99_budget_ns":1000000}
{"type":"benchmark","name":"frontend.multiplexer.compose_four","iterations":962,"samples":20,"median_ns_per_op":41763,"min_ns_per_op":41498,"p95_ns_per_op":41990,"p99_ns_per_op":41997,"work_per_op":5698,"work_unit":"cells","work_per_second":136436558,"payload_bytes_per_op":0,"p99_budget_ns":1000000}
{"type":"benchmark","name":"frontend.multiplexer.patch_one_cell","iterations":330221,"samples":20,"median_ns_per_op":122,"min_ns_per_op":121,"p95_ns_per_op":123,"p99_ns_per_op":123,"work_per_op":1,"work_unit":"cells","work_per_second":8196721,"payload_bytes_per_op":0,"p99_budget_ns":1000000}
{"type":"benchmark","name":"backend.kitty.ingest_zlib_rgba_1920x1080","iterations":11,"samples":20,"median_ns_per_op":3329477,"min_ns_per_op":3235992,"p95_ns_per_op":3539151,"p99_ns_per_op":3568958,"work_per_op":2073600,"work_unit":"pixels","work_per_second":622800517,"payload_bytes_per_op":43344,"p99_budget_ns":100000000}
{"type":"benchmark","name":"backend.kitty.shared_frame_3840x2160.publish","iterations":18,"samples":20,"median_ns_per_op":2107013,"min_ns_per_op":1978490,"p95_ns_per_op":2232157,"p99_ns_per_op":2358717,"work_per_op":8294400,"work_unit":"pixels","work_per_second":3936568023,"payload_bytes_per_op":0,"p99_budget_ns":100000000}
{"type":"benchmark","name":"backend.kitty.shared_frame_3840x2160.ingest","iterations":6,"samples":20,"median_ns_per_op":6207166,"min_ns_per_op":5846507,"p95_ns_per_op":6386916,"p99_ns_per_op":6513944,"work_per_op":8294400,"work_unit":"pixels","work_per_second":1336261991,"payload_bytes_per_op":0,"p99_budget_ns":100000000}
{"type":"benchmark","name":"backend.kitty.shared_frame_3840x2160.freeze","iterations":18,"samples":20,"median_ns_per_op":2186557,"min_ns_per_op":2024009,"p95_ns_per_op":2258243,"p99_ns_per_op":2316474,"work_per_op":8294400,"work_unit":"pixels","work_per_second":3793360978,"payload_bytes_per_op":0,"p99_budget_ns":100000000}
{"type":"benchmark","name":"frontend.kitty.transmit_rgba_64x64","iterations":9358,"samples":20,"median_ns_per_op":4414,"min_ns_per_op":4292,"p95_ns_per_op":4462,"p99_ns_per_op":4502,"work_per_op":4096,"work_unit":"pixels","work_per_second":927956502,"payload_bytes_per_op":22001,"p99_budget_ns":1000000}
{"type":"benchmark","name":"frontend.kitty.idle","iterations":6730224,"samples":20,"median_ns_per_op":5,"min_ns_per_op":5,"p95_ns_per_op":6,"p99_ns_per_op":6,"work_per_op":1,"work_unit":"frames","work_per_second":200000000,"payload_bytes_per_op":0,"p99_budget_ns":1000000}
{"type":"benchmark","name":"frontend.kitty.transmit_rgba_480x360","iterations":237,"samples":20,"median_ns_per_op":166858,"min_ns_per_op":163979,"p95_ns_per_op":172429,"p99_ns_per_op":173443,"work_per_op":172800,"work_unit":"pixels","work_per_second":1035611118,"payload_bytes_per_op":923730,"p99_budget_ns":5000000}
{"type":"benchmark","name":"frontend.kitty.transmit_rgba_480x360_zlib","iterations":19,"samples":20,"median_ns_per_op":2033059,"min_ns_per_op":2014905,"p95_ns_per_op":2046510,"p99_ns_per_op":2055686,"work_per_op":172800,"work_unit":"pixels","work_per_second":84995073,"payload_bytes_per_op":49157,"p99_budget_ns":10000000}
{"type":"benchmark","name":"frontend.text.rasterize_jetbrains_mono","iterations":80,"samples":20,"median_ns_per_op":483057,"min_ns_per_op":478423,"p95_ns_per_op":490823,"p99_ns_per_op":496070,"work_per_op":51,"work_unit":"glyphs","work_per_second":105577,"payload_bytes_per_op":0,"p99_budget_ns":1000000}
