{"type":"metadata","zig":"0.16.0","mode":"ReleaseFast","arch":"aarch64","cpu":"apple_m3","os":"macos","cols":154,"rows":37,"samples":20,"sample_target_ns":40000000}
{"type":"benchmark","name":"backend.damage.one_cell","iterations":70066,"samples":20,"median_ns_per_op":570,"min_ns_per_op":565,"p95_ns_per_op":592,"p99_ns_per_op":692,"work_per_op":154,"work_unit":"cells","work_per_second":270175438,"payload_bytes_per_op":0,"p99_budget_ns":1000000}
{"type":"benchmark","name":"backend.damage.fragmented","iterations":2269,"samples":20,"median_ns_per_op":17672,"min_ns_per_op":17579,"p95_ns_per_op":18053,"p99_ns_per_op":18058,"work_per_op":4312,"work_unit":"cells","work_per_second":244001810,"payload_bytes_per_op":0,"p99_budget_ns":1000000}
{"type":"benchmark","name":"backend.damage.full_screen","iterations":6200,"samples":20,"median_ns_per_op":6475,"min_ns_per_op":6437,"p95_ns_per_op":6507,"p99_ns_per_op":6534,"work_per_op":5698,"work_unit":"cells","work_per_second":880000000,"payload_bytes_per_op":0,"p99_budget_ns":1000000}
{"type":"benchmark","name":"backend.frame.fragmented","iterations":1823,"samples":20,"median_ns_per_op":21930,"min_ns_per_op":21795,"p95_ns_per_op":22102,"p99_ns_per_op":22139,"work_per_op":4312,"work_unit":"cells","work_per_second":196625626,"payload_bytes_per_op":2786,"p99_budget_ns":1000000}
{"type":"benchmark","name":"backend.history.input_scan","iterations":973800,"samples":20,"median_ns_per_op":41,"min_ns_per_op":40,"p95_ns_per_op":41,"p99_ns_per_op":41,"work_per_op":30,"work_unit":"bytes","work_per_second":731707317,"payload_bytes_per_op":0,"p99_budget_ns":1000000}
{"type":"benchmark","name":"schema.encode.one_cell","iterations":3082149,"samples":20,"median_ns_per_op":12,"min_ns_per_op":12,"p95_ns_per_op":12,"p99_ns_per_op":13,"work_per_op":1,"work_unit":"cells","work_per_second":83333333,"payload_bytes_per_op":75,"p99_budget_ns":1000000}
{"type":"benchmark","name":"schema.encode.fragmented","iterations":14430,"samples":20,"median_ns_per_op":2764,"min_ns_per_op":2738,"p95_ns_per_op":2780,"p99_ns_per_op":2792,"work_per_op":448,"work_unit":"cells","work_per_second":162083936,"payload_bytes_per_op":4867,"p99_budget_ns":1000000}
{"type":"benchmark","name":"schema.encode.full_screen","iterations":1306,"samples":20,"median_ns_per_op":30297,"min_ns_per_op":29923,"p95_ns_per_op":31149,"p99_ns_per_op":31170,"work_per_op":5698,"work_unit":"cells","work_per_second":188071426,"payload_bytes_per_op":13359,"p99_budget_ns":1000000}
{"type":"benchmark","name":"schema.decode.one_cell","iterations":3182656,"samples":20,"median_ns_per_op":12,"min_ns_per_op":12,"p95_ns_per_op":12,"p99_ns_per_op":13,"work_per_op":1,"work_unit":"cells","work_per_second":83333333,"payload_bytes_per_op":75,"p99_budget_ns":1000000}
{"type":"benchmark","name":"schema.decode.fragmented","iterations":104077,"samples":20,"median_ns_per_op":388,"min_ns_per_op":384,"p95_ns_per_op":394,"p99_ns_per_op":396,"work_per_op":448,"work_unit":"cells","work_per_second":1154639175,"payload_bytes_per_op":4867,"p99_budget_ns":1000000}
{"type":"benchmark","name":"schema.decode.full_screen","iterations":3164368,"samples":20,"median_ns_per_op":12,"min_ns_per_op":12,"p95_ns_per_op":12,"p99_ns_per_op":12,"work_per_op":5698,"work_unit":"cells","work_per_second":474833333333,"payload_bytes_per_op":13359,"p99_budget_ns":1000000}
{"type":"benchmark","name":"frontend.pipeline.one_cell","iterations":357217,"samples":20,"median_ns_per_op":113,"min_ns_per_op":112,"p95_ns_per_op":113,"p99_ns_per_op":114,"work_per_op":1,"work_unit":"cells","work_per_second":8849557,"payload_bytes_per_op":75,"p99_budget_ns":1000000}
{"type":"benchmark","name":"frontend.pipeline.fragmented","iterations":2217,"samples":20,"median_ns_per_op":18093,"min_ns_per_op":18014,"p95_ns_per_op":18234,"p99_ns_per_op":18257,"work_per_op":448,"work_unit":"cells","work_per_second":24760957,"payload_bytes_per_op":4867,"p99_budget_ns":1000000}
{"type":"benchmark","name":"frontend.pipeline.full_screen","iterations":564,"samples":20,"median_ns_per_op":69805,"min_ns_per_op":69285,"p95_ns_per_op":70661,"p99_ns_per_op":71216,"work_per_op":5698,"work_unit":"cells","work_per_second":81627390,"payload_bytes_per_op":13359,"p99_budget_ns":1000000}
{"type":"benchmark","name":"frontend.outbox.input","iterations":4201292,"samples":20,"median_ns_per_op":9,"min_ns_per_op":9,"p95_ns_per_op":9,"p99_ns_per_op":9,"work_per_op":12,"work_unit":"bytes","work_per_second":1333333333,"payload_bytes_per_op":0,"p99_budget_ns":1000000}
{"type":"benchmark","name":"frontend.keybind.route","iterations":202433,"samples":20,"median_ns_per_op":193,"min_ns_per_op":191,"p95_ns_per_op":195,"p99_ns_per_op":195,"work_per_op":12,"work_unit":"keys","work_per_second":62176165,"payload_bytes_per_op":0,"p99_budget_ns":1000000}
{"type":"benchmark","name":"frontend.lua.callback","iterations":78608,"samples":20,"median_ns_per_op":496,"min_ns_per_op":489,"p95_ns_per_op":501,"p99_ns_per_op":502,"work_per_op":1,"work_unit":"callbacks","work_per_second":2016129,"payload_bytes_per_op":0,"p99_budget_ns":1000000}
{"type":"benchmark","name":"frontend.pacer.late_frame","iterations":16144291,"samples":20,"median_ns_per_op":2,"min_ns_per_op":2,"p95_ns_per_op":2,"p99_ns_per_op":2,"work_per_op":1,"work_unit":"frames","work_per_second":500000000,"payload_bytes_per_op":0,"p99_budget_ns":1000000}
{"type":"benchmark","name":"frontend.flush.cursor_only","iterations":474227,"samples":20,"median_ns_per_op":84,"min_ns_per_op":84,"p95_ns_per_op":85,"p99_ns_per_op":85,"work_per_op":1,"work_unit":"frames","work_per_second":11904761,"payload_bytes_per_op":0,"p99_budget_ns":1000000}
{"type":"benchmark","name":"frontend.client_ui.chrome.tabs_1","iterations":1917,"samples":20,"median_ns_per_op":20848,"min_ns_per_op":20742,"p95_ns_per_op":20942,"p99_ns_per_op":21007,"work_per_op":1778,"work_unit":"cells","work_per_second":85283960,"payload_bytes_per_op":0,"p99_budget_ns":1000000}
{"type":"benchmark","name":"frontend.client_ui.chrome.tabs_8","iterations":1680,"samples":20,"median_ns_per_op":24263,"min_ns_per_op":23575,"p95_ns_per_op":24952,"p99_ns_per_op":25167,"work_per_op":1778,"work_unit":"cells","work_per_second":73280303,"payload_bytes_per_op":0,"p99_budget_ns":1000000}
{"type":"benchmark","name":"frontend.client_ui.chrome.tabs_64","iterations":1422,"samples":20,"median_ns_per_op":27997,"min_ns_per_op":27707,"p95_ns_per_op":28159,"p99_ns_per_op":28539,"work_per_op":1778,"work_unit":"cells","work_per_second":63506804,"payload_bytes_per_op":0,"p99_budget_ns":1000000}
{"type":"benchmark","name":"frontend.layout.directional_focus","iterations":494790,"samples":20,"median_ns_per_op":82,"min_ns_per_op":80,"p95_ns_per_op":83,"p99_ns_per_op":85,"work_per_op":4,"work_unit":"panes","work_per_second":48780487,"payload_bytes_per_op":0,"p99_budget_ns":1000000}
{"type":"benchmark","name":"frontend.multiplexer.compose_four","iterations":955,"samples":20,"median_ns_per_op":42102,"min_ns_per_op":41641,"p95_ns_per_op":44370,"p99_ns_per_op":45342,"work_per_op":5698,"work_unit":"cells","work_per_second":135337988,"payload_bytes_per_op":0,"p99_budget_ns":1000000}
{"type":"benchmark","name":"frontend.multiplexer.patch_one_cell","iterations":323307,"samples":20,"median_ns_per_op":123,"min_ns_per_op":122,"p95_ns_per_op":125,"p99_ns_per_op":127,"work_per_op":1,"work_unit":"cells","work_per_second":8130081,"payload_bytes_per_op":0,"p99_budget_ns":1000000}
{"type":"benchmark","name":"backend.kitty.ingest_zlib_rgba_1920x1080","iterations":11,"samples":20,"median_ns_per_op":3313375,"min_ns_per_op":3194462,"p95_ns_per_op":3370500,"p99_ns_per_op":3408143,"work_per_op":2073600,"work_unit":"pixels","work_per_second":625827140,"payload_bytes_per_op":43344,"p99_budget_ns":100000000}
{"type":"benchmark","name":"backend.kitty.shared_frame_3840x2160.publish","iterations":18,"samples":20,"median_ns_per_op":2074611,"min_ns_per_op":1932710,"p95_ns_per_op":2223608,"p99_ns_per_op":2232148,"work_per_op":8294400,"work_unit":"pixels","work_per_second":3998050718,"payload_bytes_per_op":0,"p99_budget_ns":100000000}
{"type":"benchmark","name":"backend.kitty.shared_frame_3840x2160.ingest","iterations":6,"samples":20,"median_ns_per_op":6053597,"min_ns_per_op":5554895,"p95_ns_per_op":6314583,"p99_ns_per_op":6438000,"work_per_op":8294400,"work_unit":"pixels","work_per_second":1370160583,"payload_bytes_per_op":0,"p99_budget_ns":100000000}
{"type":"benchmark","name":"backend.kitty.shared_frame_3840x2160.freeze","iterations":20,"samples":20,"median_ns_per_op":1997877,"min_ns_per_op":1818377,"p95_ns_per_op":2194510,"p99_ns_per_op":2365897,"work_per_op":8294400,"work_unit":"pixels","work_per_second":4151606930,"payload_bytes_per_op":0,"p99_budget_ns":100000000}
{"type":"benchmark","name":"frontend.kitty.transmit_rgba_64x64","iterations":9109,"samples":20,"median_ns_per_op":4482,"min_ns_per_op":4356,"p95_ns_per_op":4526,"p99_ns_per_op":4561,"work_per_op":4096,"work_unit":"pixels","work_per_second":913877733,"payload_bytes_per_op":22001,"p99_budget_ns":1000000}
{"type":"benchmark","name":"frontend.kitty.idle","iterations":6608043,"samples":20,"median_ns_per_op":6,"min_ns_per_op":6,"p95_ns_per_op":6,"p99_ns_per_op":6,"work_per_op":1,"work_unit":"frames","work_per_second":166666666,"payload_bytes_per_op":0,"p99_budget_ns":1000000}
{"type":"benchmark","name":"frontend.kitty.transmit_rgba_480x360","iterations":238,"samples":20,"median_ns_per_op":166979,"min_ns_per_op":164322,"p95_ns_per_op":171885,"p99_ns_per_op":174505,"work_per_op":172800,"work_unit":"pixels","work_per_second":1034860671,"payload_bytes_per_op":923730,"p99_budget_ns":5000000}
{"type":"benchmark","name":"frontend.kitty.transmit_rgba_480x360_zlib","iterations":19,"samples":20,"median_ns_per_op":2035107,"min_ns_per_op":2022572,"p95_ns_per_op":2050894,"p99_ns_per_op":2055140,"work_per_op":172800,"work_unit":"pixels","work_per_second":84909540,"payload_bytes_per_op":49157,"p99_budget_ns":10000000}
{"type":"benchmark","name":"frontend.text.rasterize_jetbrains_mono","iterations":80,"samples":20,"median_ns_per_op":494438,"min_ns_per_op":492601,"p95_ns_per_op":496215,"p99_ns_per_op":496475,"work_per_op":51,"work_unit":"glyphs","work_per_second":103147,"payload_bytes_per_op":0,"p99_budget_ns":1000000}
