{"type":"metadata","zig":"0.16.0","mode":"ReleaseFast","arch":"aarch64","cpu":"apple_m3","os":"macos","cols":154,"rows":37,"samples":20,"sample_target_ns":40000000}
{"type":"benchmark","name":"backend.damage.one_cell","iterations":65536,"samples":20,"median_ns_per_op":671,"min_ns_per_op":645,"p95_ns_per_op":701,"p99_ns_per_op":712,"work_per_op":154,"work_unit":"cells","work_per_second":229508196,"payload_bytes_per_op":0,"p99_budget_ns":1000000}
{"type":"benchmark","name":"backend.damage.fragmented","iterations":1879,"samples":20,"median_ns_per_op":20218,"min_ns_per_op":18231,"p95_ns_per_op":25899,"p99_ns_per_op":26985,"work_per_op":4312,"work_unit":"cells","work_per_second":213275299,"payload_bytes_per_op":0,"p99_budget_ns":1000000}
{"type":"benchmark","name":"backend.damage.full_screen","iterations":5511,"samples":20,"median_ns_per_op":7708,"min_ns_per_op":6729,"p95_ns_per_op":8619,"p99_ns_per_op":8742,"work_per_op":5698,"work_unit":"cells","work_per_second":739231966,"payload_bytes_per_op":0,"p99_budget_ns":1000000}
{"type":"benchmark","name":"backend.frame.fragmented","iterations":1561,"samples":20,"median_ns_per_op":25291,"min_ns_per_op":22682,"p95_ns_per_op":30622,"p99_ns_per_op":35807,"work_per_op":4312,"work_unit":"cells","work_per_second":170495433,"payload_bytes_per_op":2786,"p99_budget_ns":1000000}
{"type":"benchmark","name":"backend.history.input_scan","iterations":760577,"samples":20,"median_ns_per_op":48,"min_ns_per_op":43,"p95_ns_per_op":51,"p99_ns_per_op":54,"work_per_op":30,"work_unit":"bytes","work_per_second":625000000,"payload_bytes_per_op":0,"p99_budget_ns":1000000}
{"type":"benchmark","name":"schema.encode.one_cell","iterations":2790575,"samples":20,"median_ns_per_op":14,"min_ns_per_op":12,"p95_ns_per_op":15,"p99_ns_per_op":15,"work_per_op":1,"work_unit":"cells","work_per_second":71428571,"payload_bytes_per_op":75,"p99_budget_ns":1000000}
{"type":"benchmark","name":"schema.encode.fragmented","iterations":12854,"samples":20,"median_ns_per_op":3156,"min_ns_per_op":2812,"p95_ns_per_op":3419,"p99_ns_per_op":3427,"work_per_op":448,"work_unit":"cells","work_per_second":141951837,"payload_bytes_per_op":4867,"p99_budget_ns":1000000}
{"type":"benchmark","name":"schema.encode.full_screen","iterations":1216,"samples":20,"median_ns_per_op":34097,"min_ns_per_op":32391,"p95_ns_per_op":38231,"p99_ns_per_op":41191,"work_per_op":5698,"work_unit":"cells","work_per_second":167111476,"payload_bytes_per_op":13359,"p99_budget_ns":1000000}
{"type":"benchmark","name":"schema.decode.one_cell","iterations":2794533,"samples":20,"median_ns_per_op":14,"min_ns_per_op":13,"p95_ns_per_op":15,"p99_ns_per_op":15,"work_per_op":1,"work_unit":"cells","work_per_second":71428571,"payload_bytes_per_op":75,"p99_budget_ns":1000000}
{"type":"benchmark","name":"schema.decode.fragmented","iterations":86779,"samples":20,"median_ns_per_op":448,"min_ns_per_op":421,"p95_ns_per_op":473,"p99_ns_per_op":473,"work_per_op":448,"work_unit":"cells","work_per_second":1000000000,"payload_bytes_per_op":4867,"p99_budget_ns":1000000}
{"type":"benchmark","name":"schema.decode.full_screen","iterations":2923700,"samples":20,"median_ns_per_op":14,"min_ns_per_op":12,"p95_ns_per_op":15,"p99_ns_per_op":15,"work_per_op":5698,"work_unit":"cells","work_per_second":407000000000,"payload_bytes_per_op":13359,"p99_budget_ns":1000000}
{"type":"benchmark","name":"frontend.pipeline.one_cell","iterations":343245,"samples":20,"median_ns_per_op":134,"min_ns_per_op":118,"p95_ns_per_op":142,"p99_ns_per_op":185,"work_per_op":1,"work_unit":"cells","work_per_second":7462686,"payload_bytes_per_op":75,"p99_budget_ns":1000000}
{"type":"benchmark","name":"frontend.pipeline.fragmented","iterations":1878,"samples":20,"median_ns_per_op":22528,"min_ns_per_op":19576,"p95_ns_per_op":23468,"p99_ns_per_op":24910,"work_per_op":448,"work_unit":"cells","work_per_second":19886363,"payload_bytes_per_op":4867,"p99_budget_ns":1000000}
{"type":"benchmark","name":"frontend.pipeline.full_screen","iterations":478,"samples":20,"median_ns_per_op":84799,"min_ns_per_op":73984,"p95_ns_per_op":94696,"p99_ns_per_op":95835,"work_per_op":5698,"work_unit":"cells","work_per_second":67194188,"payload_bytes_per_op":13359,"p99_budget_ns":1000000}
{"type":"benchmark","name":"frontend.outbox.input","iterations":3745193,"samples":20,"median_ns_per_op":11,"min_ns_per_op":10,"p95_ns_per_op":11,"p99_ns_per_op":11,"work_per_op":12,"work_unit":"bytes","work_per_second":1090909090,"payload_bytes_per_op":0,"p99_budget_ns":1000000}
{"type":"benchmark","name":"frontend.keybind.route","iterations":165748,"samples":20,"median_ns_per_op":225,"min_ns_per_op":208,"p95_ns_per_op":239,"p99_ns_per_op":241,"work_per_op":12,"work_unit":"keys","work_per_second":53333333,"payload_bytes_per_op":0,"p99_budget_ns":1000000}
{"type":"benchmark","name":"frontend.lua.callback","iterations":60370,"samples":20,"median_ns_per_op":585,"min_ns_per_op":543,"p95_ns_per_op":811,"p99_ns_per_op":897,"work_per_op":1,"work_unit":"callbacks","work_per_second":1709401,"payload_bytes_per_op":0,"p99_budget_ns":1000000}
{"type":"benchmark","name":"frontend.pacer.late_frame","iterations":14097069,"samples":20,"median_ns_per_op":2,"min_ns_per_op":2,"p95_ns_per_op":3,"p99_ns_per_op":3,"work_per_op":1,"work_unit":"frames","work_per_second":500000000,"payload_bytes_per_op":0,"p99_budget_ns":1000000}
{"type":"benchmark","name":"frontend.flush.cursor_only","iterations":410425,"samples":20,"median_ns_per_op":97,"min_ns_per_op":93,"p95_ns_per_op":101,"p99_ns_per_op":102,"work_per_op":1,"work_unit":"frames","work_per_second":10309278,"payload_bytes_per_op":0,"p99_budget_ns":1000000}
{"type":"benchmark","name":"frontend.client_ui.chrome.tabs_1","iterations":1812,"samples":20,"median_ns_per_op":23866,"min_ns_per_op":22445,"p95_ns_per_op":24935,"p99_ns_per_op":25703,"work_per_op":1778,"work_unit":"cells","work_per_second":74499287,"payload_bytes_per_op":0,"p99_budget_ns":1000000}
{"type":"benchmark","name":"frontend.client_ui.chrome.tabs_8","iterations":1403,"samples":20,"median_ns_per_op":27429,"min_ns_per_op":24987,"p95_ns_per_op":29412,"p99_ns_per_op":30577,"work_per_op":1778,"work_unit":"cells","work_per_second":64821903,"payload_bytes_per_op":0,"p99_budget_ns":1000000}
{"type":"benchmark","name":"frontend.client_ui.chrome.tabs_64","iterations":1221,"samples":20,"median_ns_per_op":32223,"min_ns_per_op":31023,"p95_ns_per_op":33532,"p99_ns_per_op":33828,"work_per_op":1778,"work_unit":"cells","work_per_second":55177978,"payload_bytes_per_op":0,"p99_budget_ns":1000000}
{"type":"benchmark","name":"frontend.layout.directional_focus","iterations":439258,"samples":20,"median_ns_per_op":87,"min_ns_per_op":83,"p95_ns_per_op":92,"p99_ns_per_op":93,"work_per_op":4,"work_unit":"panes","work_per_second":45977011,"payload_bytes_per_op":0,"p99_budget_ns":1000000}
{"type":"benchmark","name":"frontend.multiplexer.compose_four","iterations":827,"samples":20,"median_ns_per_op":49388,"min_ns_per_op":46883,"p95_ns_per_op":51505,"p99_ns_per_op":120320,"work_per_op":5698,"work_unit":"cells","work_per_second":115372155,"payload_bytes_per_op":0,"p99_budget_ns":1000000}
{"type":"benchmark","name":"frontend.multiplexer.patch_one_cell","iterations":282900,"samples":20,"median_ns_per_op":139,"min_ns_per_op":126,"p95_ns_per_op":144,"p99_ns_per_op":145,"work_per_op":1,"work_unit":"cells","work_per_second":7194244,"payload_bytes_per_op":0,"p99_budget_ns":1000000}
{"type":"benchmark","name":"backend.kitty.ingest_zlib_rgba_1920x1080","iterations":10,"samples":20,"median_ns_per_op":4010200,"min_ns_per_op":3578470,"p95_ns_per_op":4233554,"p99_ns_per_op":4305654,"work_per_op":2073600,"work_unit":"pixels","work_per_second":517081442,"payload_bytes_per_op":43344,"p99_budget_ns":100000000}
{"type":"benchmark","name":"backend.kitty.shared_frame_3840x2160.publish","iterations":12,"samples":20,"median_ns_per_op":2921809,"min_ns_per_op":2677024,"p95_ns_per_op":3167583,"p99_ns_per_op":3178458,"work_per_op":8294400,"work_unit":"pixels","work_per_second":2838789256,"payload_bytes_per_op":0,"p99_budget_ns":100000000}
{"type":"benchmark","name":"backend.kitty.shared_frame_3840x2160.ingest","iterations":5,"samples":20,"median_ns_per_op":7279091,"min_ns_per_op":6543116,"p95_ns_per_op":8249991,"p99_ns_per_op":8640516,"work_per_op":8294400,"work_unit":"pixels","work_per_second":1139482938,"payload_bytes_per_op":0,"p99_budget_ns":100000000}
{"type":"benchmark","name":"backend.kitty.shared_frame_3840x2160.freeze","iterations":15,"samples":20,"median_ns_per_op":2530466,"min_ns_per_op":2161452,"p95_ns_per_op":2884108,"p99_ns_per_op":3289894,"work_per_op":8294400,"work_unit":"pixels","work_per_second":3277815232,"payload_bytes_per_op":0,"p99_budget_ns":100000000}
{"type":"benchmark","name":"frontend.kitty.transmit_rgba_64x64","iterations":8117,"samples":20,"median_ns_per_op":4956,"min_ns_per_op":4715,"p95_ns_per_op":5294,"p99_ns_per_op":5511,"work_per_op":4096,"work_unit":"pixels","work_per_second":826472962,"payload_bytes_per_op":22001,"p99_budget_ns":1000000}
{"type":"benchmark","name":"frontend.kitty.idle","iterations":5617825,"samples":20,"median_ns_per_op":7,"min_ns_per_op":6,"p95_ns_per_op":7,"p99_ns_per_op":7,"work_per_op":1,"work_unit":"frames","work_per_second":142857142,"payload_bytes_per_op":0,"p99_budget_ns":1000000}
{"type":"benchmark","name":"frontend.kitty.transmit_rgba_480x360","iterations":213,"samples":20,"median_ns_per_op":189109,"min_ns_per_op":165418,"p95_ns_per_op":199212,"p99_ns_per_op":199791,"work_per_op":172800,"work_unit":"pixels","work_per_second":913758731,"payload_bytes_per_op":923730,"p99_budget_ns":5000000}
{"type":"benchmark","name":"frontend.kitty.transmit_rgba_480x360_zlib","iterations":17,"samples":20,"median_ns_per_op":2307580,"min_ns_per_op":2228299,"p95_ns_per_op":2430889,"p99_ns_per_op":2468019,"work_per_op":172800,"work_unit":"pixels","work_per_second":74883644,"payload_bytes_per_op":49157,"p99_budget_ns":10000000}
{"type":"benchmark","name":"frontend.text.rasterize_jetbrains_mono","iterations":71,"samples":20,"median_ns_per_op":562981,"min_ns_per_op":525244,"p95_ns_per_op":584961,"p99_ns_per_op":616669,"work_per_op":51,"work_unit":"glyphs","work_per_second":90589,"payload_bytes_per_op":0,"p99_budget_ns":1000000}
