{"type":"metadata","zig":"0.16.0","mode":"ReleaseFast","arch":"aarch64","cpu":"apple_m3","os":"macos","cols":154,"rows":37,"samples":20,"sample_target_ns":40000000}
{"type":"benchmark","name":"backend.damage.one_cell","iterations":65948,"samples":20,"median_ns_per_op":599,"min_ns_per_op":574,"p95_ns_per_op":614,"p99_ns_per_op":614,"work_per_op":154,"work_unit":"cells","work_per_second":257095158,"payload_bytes_per_op":0,"p99_budget_ns":1000000}
{"type":"benchmark","name":"backend.damage.fragmented","iterations":2155,"samples":20,"median_ns_per_op":18457,"min_ns_per_op":18066,"p95_ns_per_op":18898,"p99_ns_per_op":19136,"work_per_op":4312,"work_unit":"cells","work_per_second":233624099,"payload_bytes_per_op":0,"p99_budget_ns":1000000}
{"type":"benchmark","name":"backend.damage.full_screen","iterations":6122,"samples":20,"median_ns_per_op":6810,"min_ns_per_op":6482,"p95_ns_per_op":6940,"p99_ns_per_op":7024,"work_per_op":5698,"work_unit":"cells","work_per_second":836710719,"payload_bytes_per_op":0,"p99_budget_ns":1000000}
{"type":"benchmark","name":"backend.frame.fragmented","iterations":1732,"samples":20,"median_ns_per_op":23287,"min_ns_per_op":22028,"p95_ns_per_op":23555,"p99_ns_per_op":23633,"work_per_op":4312,"work_unit":"cells","work_per_second":185167690,"payload_bytes_per_op":2786,"p99_budget_ns":1000000}
{"type":"benchmark","name":"backend.history.input_scan","iterations":914362,"samples":20,"median_ns_per_op":43,"min_ns_per_op":41,"p95_ns_per_op":45,"p99_ns_per_op":47,"work_per_op":30,"work_unit":"bytes","work_per_second":697674418,"payload_bytes_per_op":0,"p99_budget_ns":1000000}
{"type":"benchmark","name":"schema.encode.one_cell","iterations":3104592,"samples":20,"median_ns_per_op":13,"min_ns_per_op":13,"p95_ns_per_op":13,"p99_ns_per_op":14,"work_per_op":1,"work_unit":"cells","work_per_second":76923076,"payload_bytes_per_op":75,"p99_budget_ns":1000000}
{"type":"benchmark","name":"schema.encode.fragmented","iterations":13674,"samples":20,"median_ns_per_op":2916,"min_ns_per_op":2870,"p95_ns_per_op":3015,"p99_ns_per_op":3039,"work_per_op":448,"work_unit":"cells","work_per_second":153635116,"payload_bytes_per_op":4867,"p99_budget_ns":1000000}
{"type":"benchmark","name":"schema.encode.full_screen","iterations":1283,"samples":20,"median_ns_per_op":31456,"min_ns_per_op":30857,"p95_ns_per_op":32185,"p99_ns_per_op":32246,"work_per_op":5698,"work_unit":"cells","work_per_second":181141912,"payload_bytes_per_op":13359,"p99_budget_ns":1000000}
{"type":"benchmark","name":"schema.decode.one_cell","iterations":3079640,"samples":20,"median_ns_per_op":13,"min_ns_per_op":12,"p95_ns_per_op":13,"p99_ns_per_op":13,"work_per_op":1,"work_unit":"cells","work_per_second":76923076,"payload_bytes_per_op":75,"p99_budget_ns":1000000}
{"type":"benchmark","name":"schema.decode.fragmented","iterations":99076,"samples":20,"median_ns_per_op":386,"min_ns_per_op":383,"p95_ns_per_op":405,"p99_ns_per_op":408,"work_per_op":448,"work_unit":"cells","work_per_second":1160621761,"payload_bytes_per_op":4867,"p99_budget_ns":1000000}
{"type":"benchmark","name":"schema.decode.full_screen","iterations":3220720,"samples":20,"median_ns_per_op":13,"min_ns_per_op":12,"p95_ns_per_op":13,"p99_ns_per_op":13,"work_per_op":5698,"work_unit":"cells","work_per_second":438307692307,"payload_bytes_per_op":13359,"p99_budget_ns":1000000}
{"type":"benchmark","name":"frontend.pipeline.one_cell","iterations":342686,"samples":20,"median_ns_per_op":117,"min_ns_per_op":112,"p95_ns_per_op":119,"p99_ns_per_op":120,"work_per_op":1,"work_unit":"cells","work_per_second":8547008,"payload_bytes_per_op":75,"p99_budget_ns":1000000}
{"type":"benchmark","name":"frontend.pipeline.fragmented","iterations":2082,"samples":20,"median_ns_per_op":19046,"min_ns_per_op":18063,"p95_ns_per_op":19415,"p99_ns_per_op":19907,"work_per_op":448,"work_unit":"cells","work_per_second":23521999,"payload_bytes_per_op":4867,"p99_budget_ns":1000000}
{"type":"benchmark","name":"frontend.pipeline.full_screen","iterations":547,"samples":20,"median_ns_per_op":69929,"min_ns_per_op":69187,"p95_ns_per_op":73705,"p99_ns_per_op":74589,"work_per_op":5698,"work_unit":"cells","work_per_second":81482646,"payload_bytes_per_op":13359,"p99_budget_ns":1000000}
{"type":"benchmark","name":"frontend.outbox.input","iterations":4190340,"samples":20,"median_ns_per_op":9,"min_ns_per_op":9,"p95_ns_per_op":10,"p99_ns_per_op":10,"work_per_op":12,"work_unit":"bytes","work_per_second":1333333333,"payload_bytes_per_op":0,"p99_budget_ns":1000000}
{"type":"benchmark","name":"frontend.keybind.route","iterations":192897,"samples":20,"median_ns_per_op":203,"min_ns_per_op":194,"p95_ns_per_op":211,"p99_ns_per_op":214,"work_per_op":12,"work_unit":"keys","work_per_second":59113300,"payload_bytes_per_op":0,"p99_budget_ns":1000000}
{"type":"benchmark","name":"frontend.lua.callback","iterations":73947,"samples":20,"median_ns_per_op":549,"min_ns_per_op":517,"p95_ns_per_op":568,"p99_ns_per_op":569,"work_per_op":1,"work_unit":"callbacks","work_per_second":1821493,"payload_bytes_per_op":0,"p99_budget_ns":1000000}
{"type":"benchmark","name":"frontend.pacer.late_frame","iterations":15455333,"samples":20,"median_ns_per_op":2,"min_ns_per_op":2,"p95_ns_per_op":2,"p99_ns_per_op":2,"work_per_op":1,"work_unit":"frames","work_per_second":500000000,"payload_bytes_per_op":0,"p99_budget_ns":1000000}
{"type":"benchmark","name":"frontend.flush.cursor_only","iterations":444195,"samples":20,"median_ns_per_op":90,"min_ns_per_op":87,"p95_ns_per_op":92,"p99_ns_per_op":93,"work_per_op":1,"work_unit":"frames","work_per_second":11111111,"payload_bytes_per_op":0,"p99_budget_ns":1000000}
{"type":"benchmark","name":"frontend.client_ui.chrome.tabs_1","iterations":1802,"samples":20,"median_ns_per_op":22179,"min_ns_per_op":21442,"p95_ns_per_op":22849,"p99_ns_per_op":22910,"work_per_op":1778,"work_unit":"cells","work_per_second":80165922,"payload_bytes_per_op":0,"p99_budget_ns":1000000}
{"type":"benchmark","name":"frontend.client_ui.chrome.tabs_8","iterations":1601,"samples":20,"median_ns_per_op":25098,"min_ns_per_op":24231,"p95_ns_per_op":25308,"p99_ns_per_op":25387,"work_per_op":1778,"work_unit":"cells","work_per_second":70842298,"payload_bytes_per_op":0,"p99_budget_ns":1000000}
{"type":"benchmark","name":"frontend.client_ui.chrome.tabs_64","iterations":1491,"samples":20,"median_ns_per_op":28466,"min_ns_per_op":26762,"p95_ns_per_op":29557,"p99_ns_per_op":36198,"work_per_op":1778,"work_unit":"cells","work_per_second":62460479,"payload_bytes_per_op":0,"p99_budget_ns":1000000}
{"type":"benchmark","name":"frontend.layout.directional_focus","iterations":475309,"samples":20,"median_ns_per_op":84,"min_ns_per_op":81,"p95_ns_per_op":86,"p99_ns_per_op":87,"work_per_op":4,"work_unit":"panes","work_per_second":47619047,"payload_bytes_per_op":0,"p99_budget_ns":1000000}
{"type":"benchmark","name":"frontend.multiplexer.compose_four","iterations":916,"samples":20,"median_ns_per_op":44416,"min_ns_per_op":43758,"p95_ns_per_op":44758,"p99_ns_per_op":44994,"work_per_op":5698,"work_unit":"cells","work_per_second":128287103,"payload_bytes_per_op":0,"p99_budget_ns":1000000}
{"type":"benchmark","name":"frontend.multiplexer.patch_one_cell","iterations":318886,"samples":20,"median_ns_per_op":128,"min_ns_per_op":125,"p95_ns_per_op":132,"p99_ns_per_op":132,"work_per_op":1,"work_unit":"cells","work_per_second":7812500,"payload_bytes_per_op":0,"p99_budget_ns":1000000}
{"type":"benchmark","name":"backend.kitty.ingest_zlib_rgba_1920x1080","iterations":4,"samples":20,"median_ns_per_op":3894510,"min_ns_per_op":3745927,"p95_ns_per_op":4035656,"p99_ns_per_op":4271729,"work_per_op":2073600,"work_unit":"pixels","work_per_second":532441821,"payload_bytes_per_op":43344,"p99_budget_ns":100000000}
{"type":"benchmark","name":"backend.kitty.shared_frame_3840x2160.publish","iterations":14,"samples":20,"median_ns_per_op":2461788,"min_ns_per_op":2288253,"p95_ns_per_op":2726675,"p99_ns_per_op":2732482,"work_per_op":8294400,"work_unit":"pixels","work_per_second":3369258441,"payload_bytes_per_op":0,"p99_budget_ns":100000000}
{"type":"benchmark","name":"backend.kitty.shared_frame_3840x2160.ingest","iterations":5,"samples":20,"median_ns_per_op":7146775,"min_ns_per_op":5985725,"p95_ns_per_op":7717358,"p99_ns_per_op":8216583,"work_per_op":8294400,"work_unit":"pixels","work_per_second":1160579422,"payload_bytes_per_op":0,"p99_budget_ns":100000000}
{"type":"benchmark","name":"backend.kitty.shared_frame_3840x2160.freeze","iterations":15,"samples":20,"median_ns_per_op":2594705,"min_ns_per_op":2360105,"p95_ns_per_op":2720927,"p99_ns_per_op":2790108,"work_per_op":8294400,"work_unit":"pixels","work_per_second":3196663975,"payload_bytes_per_op":0,"p99_budget_ns":100000000}
{"type":"benchmark","name":"frontend.kitty.transmit_rgba_64x64","iterations":8419,"samples":20,"median_ns_per_op":4535,"min_ns_per_op":4326,"p95_ns_per_op":4644,"p99_ns_per_op":4667,"work_per_op":4096,"work_unit":"pixels","work_per_second":903197353,"payload_bytes_per_op":22001,"p99_budget_ns":1000000}
{"type":"benchmark","name":"frontend.kitty.idle","iterations":6342782,"samples":20,"median_ns_per_op":6,"min_ns_per_op":6,"p95_ns_per_op":6,"p99_ns_per_op":6,"work_per_op":1,"work_unit":"frames","work_per_second":166666666,"payload_bytes_per_op":0,"p99_budget_ns":1000000}
{"type":"benchmark","name":"frontend.kitty.transmit_rgba_480x360","iterations":230,"samples":20,"median_ns_per_op":172113,"min_ns_per_op":170284,"p95_ns_per_op":174258,"p99_ns_per_op":174981,"work_per_op":172800,"work_unit":"pixels","work_per_second":1003991563,"payload_bytes_per_op":923730,"p99_budget_ns":5000000}
{"type":"benchmark","name":"frontend.kitty.transmit_rgba_480x360_zlib","iterations":18,"samples":20,"median_ns_per_op":2138833,"min_ns_per_op":2032511,"p95_ns_per_op":2192736,"p99_ns_per_op":2264678,"work_per_op":172800,"work_unit":"pixels","work_per_second":80791721,"payload_bytes_per_op":49157,"p99_budget_ns":10000000}
{"type":"benchmark","name":"frontend.text.rasterize_jetbrains_mono","iterations":77,"samples":20,"median_ns_per_op":527331,"min_ns_per_op":493329,"p95_ns_per_op":533389,"p99_ns_per_op":544549,"work_per_op":51,"work_unit":"glyphs","work_per_second":96713,"payload_bytes_per_op":0,"p99_budget_ns":1000000}
