{"type":"metadata","zig":"0.16.0","mode":"ReleaseFast","arch":"aarch64","cpu":"apple_m3","os":"macos","cols":154,"rows":37,"samples":20,"sample_target_ns":40000000}
{"type":"benchmark","name":"backend.damage.one_cell","iterations":70305,"samples":20,"median_ns_per_op":566,"min_ns_per_op":564,"p95_ns_per_op":568,"p99_ns_per_op":569,"work_per_op":154,"work_unit":"cells","work_per_second":272084805,"payload_bytes_per_op":0,"p99_budget_ns":1000000}
{"type":"benchmark","name":"backend.damage.fragmented","iterations":2299,"samples":20,"median_ns_per_op":17409,"min_ns_per_op":17275,"p95_ns_per_op":17546,"p99_ns_per_op":17569,"work_per_op":4312,"work_unit":"cells","work_per_second":247687977,"payload_bytes_per_op":0,"p99_budget_ns":1000000}
{"type":"benchmark","name":"backend.damage.full_screen","iterations":6196,"samples":20,"median_ns_per_op":6463,"min_ns_per_op":6440,"p95_ns_per_op":6491,"p99_ns_per_op":6503,"work_per_op":5698,"work_unit":"cells","work_per_second":881633916,"payload_bytes_per_op":0,"p99_budget_ns":1000000}
{"type":"benchmark","name":"backend.frame.fragmented","iterations":1822,"samples":20,"median_ns_per_op":21942,"min_ns_per_op":21785,"p95_ns_per_op":22040,"p99_ns_per_op":22177,"work_per_op":4312,"work_unit":"cells","work_per_second":196518093,"payload_bytes_per_op":2786,"p99_budget_ns":1000000}
{"type":"benchmark","name":"backend.history.input_scan","iterations":967414,"samples":20,"median_ns_per_op":41,"min_ns_per_op":40,"p95_ns_per_op":41,"p99_ns_per_op":41,"work_per_op":30,"work_unit":"bytes","work_per_second":731707317,"payload_bytes_per_op":0,"p99_budget_ns":1000000}
{"type":"benchmark","name":"schema.encode.one_cell","iterations":3105463,"samples":20,"median_ns_per_op":12,"min_ns_per_op":12,"p95_ns_per_op":12,"p99_ns_per_op":13,"work_per_op":1,"work_unit":"cells","work_per_second":83333333,"payload_bytes_per_op":75,"p99_budget_ns":1000000}
{"type":"benchmark","name":"schema.encode.fragmented","iterations":14190,"samples":20,"median_ns_per_op":2769,"min_ns_per_op":2747,"p95_ns_per_op":2780,"p99_ns_per_op":2791,"work_per_op":448,"work_unit":"cells","work_per_second":161791260,"payload_bytes_per_op":4867,"p99_budget_ns":1000000}
{"type":"benchmark","name":"schema.encode.full_screen","iterations":1338,"samples":20,"median_ns_per_op":30083,"min_ns_per_op":29731,"p95_ns_per_op":30214,"p99_ns_per_op":30231,"work_per_op":5698,"work_unit":"cells","work_per_second":189409300,"payload_bytes_per_op":13359,"p99_budget_ns":1000000}
{"type":"benchmark","name":"schema.decode.one_cell","iterations":3241191,"samples":20,"median_ns_per_op":12,"min_ns_per_op":12,"p95_ns_per_op":12,"p99_ns_per_op":12,"work_per_op":1,"work_unit":"cells","work_per_second":83333333,"payload_bytes_per_op":75,"p99_budget_ns":1000000}
{"type":"benchmark","name":"schema.decode.fragmented","iterations":103242,"samples":20,"median_ns_per_op":385,"min_ns_per_op":383,"p95_ns_per_op":387,"p99_ns_per_op":387,"work_per_op":448,"work_unit":"cells","work_per_second":1163636363,"payload_bytes_per_op":4867,"p99_budget_ns":1000000}
{"type":"benchmark","name":"schema.decode.full_screen","iterations":3243070,"samples":20,"median_ns_per_op":12,"min_ns_per_op":12,"p95_ns_per_op":12,"p99_ns_per_op":12,"work_per_op":5698,"work_unit":"cells","work_per_second":474833333333,"payload_bytes_per_op":13359,"p99_budget_ns":1000000}
{"type":"benchmark","name":"frontend.pipeline.one_cell","iterations":356845,"samples":20,"median_ns_per_op":112,"min_ns_per_op":110,"p95_ns_per_op":113,"p99_ns_per_op":114,"work_per_op":1,"work_unit":"cells","work_per_second":8928571,"payload_bytes_per_op":75,"p99_budget_ns":1000000}
{"type":"benchmark","name":"frontend.pipeline.fragmented","iterations":2160,"samples":20,"median_ns_per_op":18164,"min_ns_per_op":17942,"p95_ns_per_op":18562,"p99_ns_per_op":18647,"work_per_op":448,"work_unit":"cells","work_per_second":24664170,"payload_bytes_per_op":4867,"p99_budget_ns":1000000}
{"type":"benchmark","name":"frontend.pipeline.full_screen","iterations":575,"samples":20,"median_ns_per_op":69476,"min_ns_per_op":69008,"p95_ns_per_op":69952,"p99_ns_per_op":69953,"work_per_op":5698,"work_unit":"cells","work_per_second":82013932,"payload_bytes_per_op":13359,"p99_budget_ns":1000000}
{"type":"benchmark","name":"frontend.outbox.input","iterations":4215588,"samples":20,"median_ns_per_op":9,"min_ns_per_op":9,"p95_ns_per_op":9,"p99_ns_per_op":9,"work_per_op":12,"work_unit":"bytes","work_per_second":1333333333,"payload_bytes_per_op":0,"p99_budget_ns":1000000}
{"type":"benchmark","name":"frontend.keybind.route","iterations":205920,"samples":20,"median_ns_per_op":194,"min_ns_per_op":192,"p95_ns_per_op":195,"p99_ns_per_op":196,"work_per_op":12,"work_unit":"keys","work_per_second":61855670,"payload_bytes_per_op":0,"p99_budget_ns":1000000}
{"type":"benchmark","name":"frontend.lua.callback","iterations":78547,"samples":20,"median_ns_per_op":497,"min_ns_per_op":488,"p95_ns_per_op":505,"p99_ns_per_op":506,"work_per_op":1,"work_unit":"callbacks","work_per_second":2012072,"payload_bytes_per_op":0,"p99_budget_ns":1000000}
{"type":"benchmark","name":"frontend.pacer.late_frame","iterations":16257647,"samples":20,"median_ns_per_op":2,"min_ns_per_op":2,"p95_ns_per_op":2,"p99_ns_per_op":2,"work_per_op":1,"work_unit":"frames","work_per_second":500000000,"payload_bytes_per_op":0,"p99_budget_ns":1000000}
{"type":"benchmark","name":"frontend.flush.cursor_only","iterations":469438,"samples":20,"median_ns_per_op":84,"min_ns_per_op":84,"p95_ns_per_op":85,"p99_ns_per_op":85,"work_per_op":1,"work_unit":"frames","work_per_second":11904761,"payload_bytes_per_op":0,"p99_budget_ns":1000000}
{"type":"benchmark","name":"frontend.client_ui.chrome.tabs_1","iterations":1928,"samples":20,"median_ns_per_op":20847,"min_ns_per_op":20734,"p95_ns_per_op":21660,"p99_ns_per_op":24850,"work_per_op":1778,"work_unit":"cells","work_per_second":85288051,"payload_bytes_per_op":0,"p99_budget_ns":1000000}
{"type":"benchmark","name":"frontend.client_ui.chrome.tabs_8","iterations":1660,"samples":20,"median_ns_per_op":24099,"min_ns_per_op":23594,"p95_ns_per_op":24757,"p99_ns_per_op":24876,"work_per_op":1778,"work_unit":"cells","work_per_second":73778994,"payload_bytes_per_op":0,"p99_budget_ns":1000000}
{"type":"benchmark","name":"frontend.client_ui.chrome.tabs_64","iterations":1376,"samples":20,"median_ns_per_op":27981,"min_ns_per_op":27776,"p95_ns_per_op":28633,"p99_ns_per_op":28669,"work_per_op":1778,"work_unit":"cells","work_per_second":63543118,"payload_bytes_per_op":0,"p99_budget_ns":1000000}
{"type":"benchmark","name":"frontend.layout.directional_focus","iterations":474276,"samples":20,"median_ns_per_op":82,"min_ns_per_op":81,"p95_ns_per_op":85,"p99_ns_per_op":86,"work_per_op":4,"work_unit":"panes","work_per_second":48780487,"payload_bytes_per_op":0,"p99_budget_ns":1000000}
{"type":"benchmark","name":"frontend.multiplexer.compose_four","iterations":941,"samples":20,"median_ns_per_op":41804,"min_ns_per_op":41542,"p95_ns_per_op":42408,"p99_ns_per_op":42764,"work_per_op":5698,"work_unit":"cells","work_per_second":136302746,"payload_bytes_per_op":0,"p99_budget_ns":1000000}
{"type":"benchmark","name":"frontend.multiplexer.patch_one_cell","iterations":324404,"samples":20,"median_ns_per_op":120,"min_ns_per_op":118,"p95_ns_per_op":125,"p99_ns_per_op":126,"work_per_op":1,"work_unit":"cells","work_per_second":8333333,"payload_bytes_per_op":0,"p99_budget_ns":1000000}
{"type":"benchmark","name":"backend.kitty.ingest_zlib_rgba_1920x1080","iterations":11,"samples":20,"median_ns_per_op":3278700,"min_ns_per_op":3146155,"p95_ns_per_op":3341496,"p99_ns_per_op":3385833,"work_per_op":2073600,"work_unit":"pixels","work_per_second":632445786,"payload_bytes_per_op":43344,"p99_budget_ns":100000000}
{"type":"benchmark","name":"backend.kitty.shared_frame_3840x2160.publish","iterations":20,"samples":20,"median_ns_per_op":2063045,"min_ns_per_op":1909256,"p95_ns_per_op":2158233,"p99_ns_per_op":2164718,"work_per_op":8294400,"work_unit":"pixels","work_per_second":4020464895,"payload_bytes_per_op":0,"p99_budget_ns":100000000}
{"type":"benchmark","name":"backend.kitty.shared_frame_3840x2160.ingest","iterations":6,"samples":20,"median_ns_per_op":6135479,"min_ns_per_op":5704430,"p95_ns_per_op":6344194,"p99_ns_per_op":6361847,"work_per_op":8294400,"work_unit":"pixels","work_per_second":1351874890,"payload_bytes_per_op":0,"p99_budget_ns":100000000}
{"type":"benchmark","name":"backend.kitty.shared_frame_3840x2160.freeze","iterations":19,"samples":20,"median_ns_per_op":2043256,"min_ns_per_op":1904175,"p95_ns_per_op":2097177,"p99_ns_per_op":2104973,"work_per_op":8294400,"work_unit":"pixels","work_per_second":4059403227,"payload_bytes_per_op":0,"p99_budget_ns":100000000}
{"type":"benchmark","name":"frontend.kitty.transmit_rgba_64x64","iterations":9325,"samples":20,"median_ns_per_op":4392,"min_ns_per_op":4289,"p95_ns_per_op":4589,"p99_ns_per_op":4635,"work_per_op":4096,"work_unit":"pixels","work_per_second":932604735,"payload_bytes_per_op":22001,"p99_budget_ns":1000000}
{"type":"benchmark","name":"frontend.kitty.idle","iterations":6355537,"samples":20,"median_ns_per_op":6,"min_ns_per_op":6,"p95_ns_per_op":6,"p99_ns_per_op":6,"work_per_op":1,"work_unit":"frames","work_per_second":166666666,"payload_bytes_per_op":0,"p99_budget_ns":1000000}
{"type":"benchmark","name":"frontend.kitty.transmit_rgba_480x360","iterations":245,"samples":20,"median_ns_per_op":169129,"min_ns_per_op":162606,"p95_ns_per_op":170873,"p99_ns_per_op":170874,"work_per_op":172800,"work_unit":"pixels","work_per_second":1021705325,"payload_bytes_per_op":923730,"p99_budget_ns":5000000}
{"type":"benchmark","name":"frontend.kitty.transmit_rgba_480x360_zlib","iterations":19,"samples":20,"median_ns_per_op":2037578,"min_ns_per_op":2026436,"p95_ns_per_op":2089541,"p99_ns_per_op":2108967,"work_per_op":172800,"work_unit":"pixels","work_per_second":84806569,"payload_bytes_per_op":49157,"p99_budget_ns":10000000}
{"type":"benchmark","name":"frontend.text.rasterize_jetbrains_mono","iterations":80,"samples":20,"median_ns_per_op":496479,"min_ns_per_op":493514,"p95_ns_per_op":499774,"p99_ns_per_op":507478,"work_per_op":51,"work_unit":"glyphs","work_per_second":102723,"payload_bytes_per_op":0,"p99_budget_ns":1000000}
