{"type":"metadata","zig":"0.16.0","mode":"ReleaseFast","arch":"aarch64","cpu":"apple_m3","os":"macos","cols":154,"rows":37,"samples":20,"sample_target_ns":40000000}
{"type":"benchmark","name":"backend.damage.one_cell","iterations":63137,"samples":20,"median_ns_per_op":569,"min_ns_per_op":566,"p95_ns_per_op":570,"p99_ns_per_op":571,"work_per_op":154,"work_unit":"cells","work_per_second":270650263,"payload_bytes_per_op":0,"p99_budget_ns":1000000}
{"type":"benchmark","name":"backend.damage.fragmented","iterations":2263,"samples":20,"median_ns_per_op":17636,"min_ns_per_op":17508,"p95_ns_per_op":18709,"p99_ns_per_op":19657,"work_per_op":4312,"work_unit":"cells","work_per_second":244499886,"payload_bytes_per_op":0,"p99_budget_ns":1000000}
{"type":"benchmark","name":"backend.damage.full_screen","iterations":6154,"samples":20,"median_ns_per_op":6495,"min_ns_per_op":6465,"p95_ns_per_op":6535,"p99_ns_per_op":6541,"work_per_op":5698,"work_unit":"cells","work_per_second":877290223,"payload_bytes_per_op":0,"p99_budget_ns":1000000}
{"type":"benchmark","name":"backend.frame.fragmented","iterations":1805,"samples":20,"median_ns_per_op":22116,"min_ns_per_op":21896,"p95_ns_per_op":22200,"p99_ns_per_op":22565,"work_per_op":4312,"work_unit":"cells","work_per_second":194971965,"payload_bytes_per_op":2786,"p99_budget_ns":1000000}
{"type":"benchmark","name":"backend.history.input_scan","iterations":973517,"samples":20,"median_ns_per_op":41,"min_ns_per_op":41,"p95_ns_per_op":41,"p99_ns_per_op":41,"work_per_op":30,"work_unit":"bytes","work_per_second":731707317,"payload_bytes_per_op":0,"p99_budget_ns":1000000}
{"type":"benchmark","name":"schema.encode.one_cell","iterations":3108292,"samples":20,"median_ns_per_op":12,"min_ns_per_op":12,"p95_ns_per_op":13,"p99_ns_per_op":13,"work_per_op":1,"work_unit":"cells","work_per_second":83333333,"payload_bytes_per_op":75,"p99_budget_ns":1000000}
{"type":"benchmark","name":"schema.encode.fragmented","iterations":14480,"samples":20,"median_ns_per_op":2777,"min_ns_per_op":2755,"p95_ns_per_op":2794,"p99_ns_per_op":2807,"work_per_op":448,"work_unit":"cells","work_per_second":161325171,"payload_bytes_per_op":4867,"p99_budget_ns":1000000}
{"type":"benchmark","name":"schema.encode.full_screen","iterations":1324,"samples":20,"median_ns_per_op":30058,"min_ns_per_op":29777,"p95_ns_per_op":30283,"p99_ns_per_op":30389,"work_per_op":5698,"work_unit":"cells","work_per_second":189566837,"payload_bytes_per_op":13359,"p99_budget_ns":1000000}
{"type":"benchmark","name":"schema.decode.one_cell","iterations":3179048,"samples":20,"median_ns_per_op":12,"min_ns_per_op":12,"p95_ns_per_op":12,"p99_ns_per_op":12,"work_per_op":1,"work_unit":"cells","work_per_second":83333333,"payload_bytes_per_op":75,"p99_budget_ns":1000000}
{"type":"benchmark","name":"schema.decode.fragmented","iterations":102581,"samples":20,"median_ns_per_op":391,"min_ns_per_op":388,"p95_ns_per_op":402,"p99_ns_per_op":402,"work_per_op":448,"work_unit":"cells","work_per_second":1145780051,"payload_bytes_per_op":4867,"p99_budget_ns":1000000}
{"type":"benchmark","name":"schema.decode.full_screen","iterations":3149812,"samples":20,"median_ns_per_op":12,"min_ns_per_op":12,"p95_ns_per_op":12,"p99_ns_per_op":12,"work_per_op":5698,"work_unit":"cells","work_per_second":474833333333,"payload_bytes_per_op":13359,"p99_budget_ns":1000000}
{"type":"benchmark","name":"frontend.pipeline.one_cell","iterations":356286,"samples":20,"median_ns_per_op":112,"min_ns_per_op":111,"p95_ns_per_op":113,"p99_ns_per_op":114,"work_per_op":1,"work_unit":"cells","work_per_second":8928571,"payload_bytes_per_op":75,"p99_budget_ns":1000000}
{"type":"benchmark","name":"frontend.pipeline.fragmented","iterations":2161,"samples":20,"median_ns_per_op":18312,"min_ns_per_op":18190,"p95_ns_per_op":18557,"p99_ns_per_op":18588,"work_per_op":448,"work_unit":"cells","work_per_second":24464831,"payload_bytes_per_op":4867,"p99_budget_ns":1000000}
{"type":"benchmark","name":"frontend.pipeline.full_screen","iterations":575,"samples":20,"median_ns_per_op":69687,"min_ns_per_op":69486,"p95_ns_per_op":70113,"p99_ns_per_op":70427,"work_per_op":5698,"work_unit":"cells","work_per_second":81765609,"payload_bytes_per_op":13359,"p99_budget_ns":1000000}
{"type":"benchmark","name":"frontend.outbox.input","iterations":4242147,"samples":20,"median_ns_per_op":9,"min_ns_per_op":9,"p95_ns_per_op":9,"p99_ns_per_op":9,"work_per_op":12,"work_unit":"bytes","work_per_second":1333333333,"payload_bytes_per_op":0,"p99_budget_ns":1000000}
{"type":"benchmark","name":"frontend.keybind.route","iterations":203673,"samples":20,"median_ns_per_op":195,"min_ns_per_op":194,"p95_ns_per_op":196,"p99_ns_per_op":196,"work_per_op":12,"work_unit":"keys","work_per_second":61538461,"payload_bytes_per_op":0,"p99_budget_ns":1000000}
{"type":"benchmark","name":"frontend.lua.callback","iterations":79648,"samples":20,"median_ns_per_op":490,"min_ns_per_op":484,"p95_ns_per_op":509,"p99_ns_per_op":562,"work_per_op":1,"work_unit":"callbacks","work_per_second":2040816,"payload_bytes_per_op":0,"p99_budget_ns":1000000}
{"type":"benchmark","name":"frontend.pacer.late_frame","iterations":16303663,"samples":20,"median_ns_per_op":2,"min_ns_per_op":2,"p95_ns_per_op":2,"p99_ns_per_op":2,"work_per_op":1,"work_unit":"frames","work_per_second":500000000,"payload_bytes_per_op":0,"p99_budget_ns":1000000}
{"type":"benchmark","name":"frontend.flush.cursor_only","iterations":470222,"samples":20,"median_ns_per_op":85,"min_ns_per_op":84,"p95_ns_per_op":87,"p99_ns_per_op":88,"work_per_op":1,"work_unit":"frames","work_per_second":11764705,"payload_bytes_per_op":0,"p99_budget_ns":1000000}
{"type":"benchmark","name":"frontend.client_ui.chrome.tabs_1","iterations":1913,"samples":20,"median_ns_per_op":20791,"min_ns_per_op":20675,"p95_ns_per_op":21131,"p99_ns_per_op":21520,"work_per_op":1778,"work_unit":"cells","work_per_second":85517772,"payload_bytes_per_op":0,"p99_budget_ns":1000000}
{"type":"benchmark","name":"frontend.client_ui.chrome.tabs_8","iterations":1689,"samples":20,"median_ns_per_op":23632,"min_ns_per_op":23486,"p95_ns_per_op":23661,"p99_ns_per_op":23698,"work_per_op":1778,"work_unit":"cells","work_per_second":75236966,"payload_bytes_per_op":0,"p99_budget_ns":1000000}
{"type":"benchmark","name":"frontend.client_ui.chrome.tabs_64","iterations":1448,"samples":20,"median_ns_per_op":27728,"min_ns_per_op":27601,"p95_ns_per_op":28335,"p99_ns_per_op":28606,"work_per_op":1778,"work_unit":"cells","work_per_second":64122908,"payload_bytes_per_op":0,"p99_budget_ns":1000000}
{"type":"benchmark","name":"frontend.layout.directional_focus","iterations":504215,"samples":20,"median_ns_per_op":79,"min_ns_per_op":78,"p95_ns_per_op":79,"p99_ns_per_op":79,"work_per_op":4,"work_unit":"panes","work_per_second":50632911,"payload_bytes_per_op":0,"p99_budget_ns":1000000}
{"type":"benchmark","name":"frontend.multiplexer.compose_four","iterations":955,"samples":20,"median_ns_per_op":42055,"min_ns_per_op":41813,"p95_ns_per_op":42273,"p99_ns_per_op":42410,"work_per_op":5698,"work_unit":"cells","work_per_second":135489240,"payload_bytes_per_op":0,"p99_budget_ns":1000000}
{"type":"benchmark","name":"frontend.multiplexer.patch_one_cell","iterations":326869,"samples":20,"median_ns_per_op":122,"min_ns_per_op":121,"p95_ns_per_op":122,"p99_ns_per_op":122,"work_per_op":1,"work_unit":"cells","work_per_second":8196721,"payload_bytes_per_op":0,"p99_budget_ns":1000000}
{"type":"benchmark","name":"backend.kitty.ingest_zlib_rgba_1920x1080","iterations":11,"samples":20,"median_ns_per_op":3352166,"min_ns_per_op":3246072,"p95_ns_per_op":3403181,"p99_ns_per_op":3455170,"work_per_op":2073600,"work_unit":"pixels","work_per_second":618585117,"payload_bytes_per_op":43344,"p99_budget_ns":100000000}
{"type":"benchmark","name":"backend.kitty.shared_frame_3840x2160.publish","iterations":18,"samples":20,"median_ns_per_op":2274599,"min_ns_per_op":1878814,"p95_ns_per_op":2893773,"p99_ns_per_op":3588402,"work_per_op":8294400,"work_unit":"pixels","work_per_second":3646532861,"payload_bytes_per_op":0,"p99_budget_ns":100000000}
{"type":"benchmark","name":"backend.kitty.shared_frame_3840x2160.ingest","iterations":6,"samples":20,"median_ns_per_op":6767680,"min_ns_per_op":6101756,"p95_ns_per_op":8631652,"p99_ns_per_op":8764507,"work_per_op":8294400,"work_unit":"pixels","work_per_second":1225589862,"payload_bytes_per_op":0,"p99_budget_ns":100000000}
{"type":"benchmark","name":"backend.kitty.shared_frame_3840x2160.freeze","iterations":19,"samples":20,"median_ns_per_op":1978245,"min_ns_per_op":1889449,"p95_ns_per_op":2040662,"p99_ns_per_op":2078355,"work_per_op":8294400,"work_unit":"pixels","work_per_second":4192807260,"payload_bytes_per_op":0,"p99_budget_ns":100000000}
{"type":"benchmark","name":"frontend.kitty.transmit_rgba_64x64","iterations":9496,"samples":20,"median_ns_per_op":4320,"min_ns_per_op":4222,"p95_ns_per_op":4385,"p99_ns_per_op":4385,"work_per_op":4096,"work_unit":"pixels","work_per_second":948148148,"payload_bytes_per_op":22001,"p99_budget_ns":1000000}
{"type":"benchmark","name":"frontend.kitty.idle","iterations":6862127,"samples":20,"median_ns_per_op":5,"min_ns_per_op":5,"p95_ns_per_op":6,"p99_ns_per_op":6,"work_per_op":1,"work_unit":"frames","work_per_second":200000000,"payload_bytes_per_op":0,"p99_budget_ns":1000000}
{"type":"benchmark","name":"frontend.kitty.transmit_rgba_480x360","iterations":239,"samples":20,"median_ns_per_op":168667,"min_ns_per_op":165279,"p95_ns_per_op":169882,"p99_ns_per_op":170607,"work_per_op":172800,"work_unit":"pixels","work_per_second":1024503904,"payload_bytes_per_op":923730,"p99_budget_ns":5000000}
{"type":"benchmark","name":"frontend.kitty.transmit_rgba_480x360_zlib","iterations":19,"samples":20,"median_ns_per_op":2041142,"min_ns_per_op":2024903,"p95_ns_per_op":2101315,"p99_ns_per_op":2123006,"work_per_op":172800,"work_unit":"pixels","work_per_second":84658490,"payload_bytes_per_op":49157,"p99_budget_ns":10000000}
{"type":"benchmark","name":"frontend.text.rasterize_jetbrains_mono","iterations":80,"samples":20,"median_ns_per_op":485000,"min_ns_per_op":479849,"p95_ns_per_op":497466,"p99_ns_per_op":497478,"work_per_op":51,"work_unit":"glyphs","work_per_second":105154,"payload_bytes_per_op":0,"p99_budget_ns":1000000}
