{"type":"metadata","zig":"0.16.0","mode":"ReleaseFast","arch":"aarch64","cpu":"apple_m3","os":"macos","cols":154,"rows":37,"samples":20,"sample_target_ns":40000000}
{"type":"benchmark","name":"backend.damage.one_cell","iterations":70413,"samples":20,"median_ns_per_op":568,"min_ns_per_op":565,"p95_ns_per_op":572,"p99_ns_per_op":572,"work_per_op":154,"work_unit":"cells","work_per_second":271126760,"payload_bytes_per_op":0,"p99_budget_ns":1000000}
{"type":"benchmark","name":"backend.damage.fragmented","iterations":2275,"samples":20,"median_ns_per_op":17545,"min_ns_per_op":17383,"p95_ns_per_op":17797,"p99_ns_per_op":17950,"work_per_op":4312,"work_unit":"cells","work_per_second":245768025,"payload_bytes_per_op":0,"p99_budget_ns":1000000}
{"type":"benchmark","name":"backend.damage.full_screen","iterations":6178,"samples":20,"median_ns_per_op":6479,"min_ns_per_op":6440,"p95_ns_per_op":6518,"p99_ns_per_op":6523,"work_per_op":5698,"work_unit":"cells","work_per_second":879456706,"payload_bytes_per_op":0,"p99_budget_ns":1000000}
{"type":"benchmark","name":"backend.frame.fragmented","iterations":1816,"samples":20,"median_ns_per_op":22255,"min_ns_per_op":21922,"p95_ns_per_op":24529,"p99_ns_per_op":41365,"work_per_op":4312,"work_unit":"cells","work_per_second":193754212,"payload_bytes_per_op":2786,"p99_budget_ns":1000000}
{"type":"benchmark","name":"backend.history.input_scan","iterations":966095,"samples":20,"median_ns_per_op":42,"min_ns_per_op":40,"p95_ns_per_op":45,"p99_ns_per_op":47,"work_per_op":30,"work_unit":"bytes","work_per_second":714285714,"payload_bytes_per_op":0,"p99_budget_ns":1000000}
{"type":"benchmark","name":"schema.encode.one_cell","iterations":2939692,"samples":20,"median_ns_per_op":13,"min_ns_per_op":13,"p95_ns_per_op":14,"p99_ns_per_op":31,"work_per_op":1,"work_unit":"cells","work_per_second":76923076,"payload_bytes_per_op":75,"p99_budget_ns":1000000}
{"type":"benchmark","name":"schema.encode.fragmented","iterations":14369,"samples":20,"median_ns_per_op":2857,"min_ns_per_op":2762,"p95_ns_per_op":2985,"p99_ns_per_op":3361,"work_per_op":448,"work_unit":"cells","work_per_second":156807840,"payload_bytes_per_op":4867,"p99_budget_ns":1000000}
{"type":"benchmark","name":"schema.encode.full_screen","iterations":1262,"samples":20,"median_ns_per_op":30584,"min_ns_per_op":29467,"p95_ns_per_op":31119,"p99_ns_per_op":31258,"work_per_op":5698,"work_unit":"cells","work_per_second":186306565,"payload_bytes_per_op":13359,"p99_budget_ns":1000000}
{"type":"benchmark","name":"schema.decode.one_cell","iterations":3058577,"samples":20,"median_ns_per_op":12,"min_ns_per_op":12,"p95_ns_per_op":13,"p99_ns_per_op":13,"work_per_op":1,"work_unit":"cells","work_per_second":83333333,"payload_bytes_per_op":75,"p99_budget_ns":1000000}
{"type":"benchmark","name":"schema.decode.fragmented","iterations":102202,"samples":20,"median_ns_per_op":405,"min_ns_per_op":389,"p95_ns_per_op":416,"p99_ns_per_op":417,"work_per_op":448,"work_unit":"cells","work_per_second":1106172839,"payload_bytes_per_op":4867,"p99_budget_ns":1000000}
{"type":"benchmark","name":"schema.decode.full_screen","iterations":3080903,"samples":20,"median_ns_per_op":12,"min_ns_per_op":12,"p95_ns_per_op":13,"p99_ns_per_op":13,"work_per_op":5698,"work_unit":"cells","work_per_second":474833333333,"payload_bytes_per_op":13359,"p99_budget_ns":1000000}
{"type":"benchmark","name":"frontend.pipeline.one_cell","iterations":349395,"samples":20,"median_ns_per_op":111,"min_ns_per_op":110,"p95_ns_per_op":113,"p99_ns_per_op":114,"work_per_op":1,"work_unit":"cells","work_per_second":9009009,"payload_bytes_per_op":75,"p99_budget_ns":1000000}
{"type":"benchmark","name":"frontend.pipeline.fragmented","iterations":2186,"samples":20,"median_ns_per_op":18182,"min_ns_per_op":18104,"p95_ns_per_op":18213,"p99_ns_per_op":18224,"work_per_op":448,"work_unit":"cells","work_per_second":24639753,"payload_bytes_per_op":4867,"p99_budget_ns":1000000}
{"type":"benchmark","name":"frontend.pipeline.full_screen","iterations":575,"samples":20,"median_ns_per_op":70092,"min_ns_per_op":69522,"p95_ns_per_op":70391,"p99_ns_per_op":70630,"work_per_op":5698,"work_unit":"cells","work_per_second":81293157,"payload_bytes_per_op":13359,"p99_budget_ns":1000000}
{"type":"benchmark","name":"frontend.outbox.input","iterations":4194304,"samples":20,"median_ns_per_op":9,"min_ns_per_op":9,"p95_ns_per_op":9,"p99_ns_per_op":9,"work_per_op":12,"work_unit":"bytes","work_per_second":1333333333,"payload_bytes_per_op":0,"p99_budget_ns":1000000}
{"type":"benchmark","name":"frontend.keybind.route","iterations":193658,"samples":20,"median_ns_per_op":195,"min_ns_per_op":193,"p95_ns_per_op":197,"p99_ns_per_op":198,"work_per_op":12,"work_unit":"keys","work_per_second":61538461,"payload_bytes_per_op":0,"p99_budget_ns":1000000}
{"type":"benchmark","name":"frontend.lua.callback","iterations":78586,"samples":20,"median_ns_per_op":494,"min_ns_per_op":488,"p95_ns_per_op":499,"p99_ns_per_op":503,"work_per_op":1,"work_unit":"callbacks","work_per_second":2024291,"payload_bytes_per_op":0,"p99_budget_ns":1000000}
{"type":"benchmark","name":"frontend.pacer.late_frame","iterations":16310266,"samples":20,"median_ns_per_op":2,"min_ns_per_op":2,"p95_ns_per_op":2,"p99_ns_per_op":2,"work_per_op":1,"work_unit":"frames","work_per_second":500000000,"payload_bytes_per_op":0,"p99_budget_ns":1000000}
{"type":"benchmark","name":"frontend.flush.cursor_only","iterations":471743,"samples":20,"median_ns_per_op":85,"min_ns_per_op":84,"p95_ns_per_op":86,"p99_ns_per_op":101,"work_per_op":1,"work_unit":"frames","work_per_second":11764705,"payload_bytes_per_op":0,"p99_budget_ns":1000000}
{"type":"benchmark","name":"frontend.client_ui.chrome.tabs_1","iterations":1918,"samples":20,"median_ns_per_op":20897,"min_ns_per_op":20741,"p95_ns_per_op":21529,"p99_ns_per_op":21619,"work_per_op":1778,"work_unit":"cells","work_per_second":85083983,"payload_bytes_per_op":0,"p99_budget_ns":1000000}
{"type":"benchmark","name":"frontend.client_ui.chrome.tabs_8","iterations":1686,"samples":20,"median_ns_per_op":23785,"min_ns_per_op":23603,"p95_ns_per_op":24836,"p99_ns_per_op":24930,"work_per_op":1778,"work_unit":"cells","work_per_second":74752995,"payload_bytes_per_op":0,"p99_budget_ns":1000000}
{"type":"benchmark","name":"frontend.client_ui.chrome.tabs_64","iterations":1426,"samples":20,"median_ns_per_op":28276,"min_ns_per_op":27641,"p95_ns_per_op":28886,"p99_ns_per_op":30035,"work_per_op":1778,"work_unit":"cells","work_per_second":62880181,"payload_bytes_per_op":0,"p99_budget_ns":1000000}
{"type":"benchmark","name":"frontend.layout.directional_focus","iterations":492598,"samples":20,"median_ns_per_op":79,"min_ns_per_op":78,"p95_ns_per_op":80,"p99_ns_per_op":81,"work_per_op":4,"work_unit":"panes","work_per_second":50632911,"payload_bytes_per_op":0,"p99_budget_ns":1000000}
{"type":"benchmark","name":"frontend.multiplexer.compose_four","iterations":950,"samples":20,"median_ns_per_op":41884,"min_ns_per_op":41737,"p95_ns_per_op":42041,"p99_ns_per_op":42092,"work_per_op":5698,"work_unit":"cells","work_per_second":136042402,"payload_bytes_per_op":0,"p99_budget_ns":1000000}
{"type":"benchmark","name":"frontend.multiplexer.patch_one_cell","iterations":322220,"samples":20,"median_ns_per_op":124,"min_ns_per_op":122,"p95_ns_per_op":125,"p99_ns_per_op":125,"work_per_op":1,"work_unit":"cells","work_per_second":8064516,"payload_bytes_per_op":0,"p99_budget_ns":1000000}
{"type":"benchmark","name":"backend.kitty.ingest_zlib_rgba_1920x1080","iterations":11,"samples":20,"median_ns_per_op":3445791,"min_ns_per_op":3293886,"p95_ns_per_op":3511894,"p99_ns_per_op":3513295,"work_per_op":2073600,"work_unit":"pixels","work_per_second":601777646,"payload_bytes_per_op":43344,"p99_budget_ns":100000000}
{"type":"benchmark","name":"backend.kitty.shared_frame_3840x2160.publish","iterations":19,"samples":20,"median_ns_per_op":2099679,"min_ns_per_op":2016664,"p95_ns_per_op":2193953,"p99_ns_per_op":2228486,"work_per_op":8294400,"work_unit":"pixels","work_per_second":3950318120,"payload_bytes_per_op":0,"p99_budget_ns":100000000}
{"type":"benchmark","name":"backend.kitty.shared_frame_3840x2160.ingest","iterations":6,"samples":20,"median_ns_per_op":6309007,"min_ns_per_op":5964479,"p95_ns_per_op":6693784,"p99_ns_per_op":7102909,"work_per_op":8294400,"work_unit":"pixels","work_per_second":1314691836,"payload_bytes_per_op":0,"p99_budget_ns":100000000}
{"type":"benchmark","name":"backend.kitty.shared_frame_3840x2160.freeze","iterations":15,"samples":20,"median_ns_per_op":2051016,"min_ns_per_op":1898558,"p95_ns_per_op":2245408,"p99_ns_per_op":2247644,"work_per_op":8294400,"work_unit":"pixels","work_per_second":4044044512,"payload_bytes_per_op":0,"p99_budget_ns":100000000}
{"type":"benchmark","name":"frontend.kitty.transmit_rgba_64x64","iterations":9307,"samples":20,"median_ns_per_op":4415,"min_ns_per_op":4271,"p95_ns_per_op":4491,"p99_ns_per_op":4536,"work_per_op":4096,"work_unit":"pixels","work_per_second":927746319,"payload_bytes_per_op":22001,"p99_budget_ns":1000000}
{"type":"benchmark","name":"frontend.kitty.idle","iterations":6256546,"samples":20,"median_ns_per_op":5,"min_ns_per_op":5,"p95_ns_per_op":6,"p99_ns_per_op":6,"work_per_op":1,"work_unit":"frames","work_per_second":200000000,"payload_bytes_per_op":0,"p99_budget_ns":1000000}
{"type":"benchmark","name":"frontend.kitty.transmit_rgba_480x360","iterations":241,"samples":20,"median_ns_per_op":163913,"min_ns_per_op":162303,"p95_ns_per_op":167404,"p99_ns_per_op":168340,"work_per_op":172800,"work_unit":"pixels","work_per_second":1054217786,"payload_bytes_per_op":923730,"p99_budget_ns":5000000}
{"type":"benchmark","name":"frontend.kitty.transmit_rgba_480x360_zlib","iterations":19,"samples":20,"median_ns_per_op":2041326,"min_ns_per_op":2033105,"p95_ns_per_op":2064019,"p99_ns_per_op":2069896,"work_per_op":172800,"work_unit":"pixels","work_per_second":84650859,"payload_bytes_per_op":49157,"p99_budget_ns":10000000}
{"type":"benchmark","name":"frontend.text.rasterize_jetbrains_mono","iterations":80,"samples":20,"median_ns_per_op":494002,"min_ns_per_op":491345,"p95_ns_per_op":496715,"p99_ns_per_op":497536,"work_per_op":51,"work_unit":"glyphs","work_per_second":103238,"payload_bytes_per_op":0,"p99_budget_ns":1000000}
