{"type":"metadata","zig":"0.16.0","mode":"ReleaseFast","arch":"aarch64","cpu":"apple_m3","os":"macos","cols":154,"rows":37,"samples":20,"sample_target_ns":40000000}
{"type":"benchmark","name":"backend.damage.one_cell","iterations":64960,"samples":20,"median_ns_per_op":635,"min_ns_per_op":610,"p95_ns_per_op":645,"p99_ns_per_op":650,"work_per_op":154,"work_unit":"cells","work_per_second":242519685,"payload_bytes_per_op":0,"p99_budget_ns":1000000}
{"type":"benchmark","name":"backend.damage.fragmented","iterations":1941,"samples":20,"median_ns_per_op":20272,"min_ns_per_op":18120,"p95_ns_per_op":21688,"p99_ns_per_op":21779,"work_per_op":4312,"work_unit":"cells","work_per_second":212707182,"payload_bytes_per_op":0,"p99_budget_ns":1000000}
{"type":"benchmark","name":"backend.damage.full_screen","iterations":5392,"samples":20,"median_ns_per_op":7477,"min_ns_per_op":6625,"p95_ns_per_op":8039,"p99_ns_per_op":8119,"work_per_op":5698,"work_unit":"cells","work_per_second":762070349,"payload_bytes_per_op":0,"p99_budget_ns":1000000}
{"type":"benchmark","name":"backend.frame.fragmented","iterations":1788,"samples":20,"median_ns_per_op":25202,"min_ns_per_op":24397,"p95_ns_per_op":26021,"p99_ns_per_op":26309,"work_per_op":4312,"work_unit":"cells","work_per_second":171097531,"payload_bytes_per_op":2786,"p99_budget_ns":1000000}
{"type":"benchmark","name":"backend.history.input_scan","iterations":843031,"samples":20,"median_ns_per_op":45,"min_ns_per_op":41,"p95_ns_per_op":48,"p99_ns_per_op":49,"work_per_op":30,"work_unit":"bytes","work_per_second":666666666,"payload_bytes_per_op":0,"p99_budget_ns":1000000}
{"type":"benchmark","name":"schema.encode.one_cell","iterations":2649982,"samples":20,"median_ns_per_op":14,"min_ns_per_op":13,"p95_ns_per_op":14,"p99_ns_per_op":14,"work_per_op":1,"work_unit":"cells","work_per_second":71428571,"payload_bytes_per_op":75,"p99_budget_ns":1000000}
{"type":"benchmark","name":"schema.encode.fragmented","iterations":13366,"samples":20,"median_ns_per_op":3027,"min_ns_per_op":2785,"p95_ns_per_op":3177,"p99_ns_per_op":3192,"work_per_op":448,"work_unit":"cells","work_per_second":148001321,"payload_bytes_per_op":4867,"p99_budget_ns":1000000}
{"type":"benchmark","name":"schema.encode.full_screen","iterations":1250,"samples":20,"median_ns_per_op":31059,"min_ns_per_op":29807,"p95_ns_per_op":32960,"p99_ns_per_op":34066,"work_per_op":5698,"work_unit":"cells","work_per_second":183457290,"payload_bytes_per_op":13359,"p99_budget_ns":1000000}
{"type":"benchmark","name":"schema.decode.one_cell","iterations":2873565,"samples":20,"median_ns_per_op":14,"min_ns_per_op":13,"p95_ns_per_op":15,"p99_ns_per_op":16,"work_per_op":1,"work_unit":"cells","work_per_second":71428571,"payload_bytes_per_op":75,"p99_budget_ns":1000000}
{"type":"benchmark","name":"schema.decode.fragmented","iterations":89441,"samples":20,"median_ns_per_op":470,"min_ns_per_op":393,"p95_ns_per_op":506,"p99_ns_per_op":542,"work_per_op":448,"work_unit":"cells","work_per_second":953191489,"payload_bytes_per_op":4867,"p99_budget_ns":1000000}
{"type":"benchmark","name":"schema.decode.full_screen","iterations":2266762,"samples":20,"median_ns_per_op":14,"min_ns_per_op":14,"p95_ns_per_op":15,"p99_ns_per_op":15,"work_per_op":5698,"work_unit":"cells","work_per_second":407000000000,"payload_bytes_per_op":13359,"p99_budget_ns":1000000}
{"type":"benchmark","name":"frontend.pipeline.one_cell","iterations":301583,"samples":20,"median_ns_per_op":131,"min_ns_per_op":114,"p95_ns_per_op":137,"p99_ns_per_op":139,"work_per_op":1,"work_unit":"cells","work_per_second":7633587,"payload_bytes_per_op":75,"p99_budget_ns":1000000}
{"type":"benchmark","name":"frontend.pipeline.fragmented","iterations":1917,"samples":20,"median_ns_per_op":21317,"min_ns_per_op":17994,"p95_ns_per_op":22422,"p99_ns_per_op":30726,"work_per_op":448,"work_unit":"cells","work_per_second":21016090,"payload_bytes_per_op":4867,"p99_budget_ns":1000000}
{"type":"benchmark","name":"frontend.pipeline.full_screen","iterations":501,"samples":20,"median_ns_per_op":82830,"min_ns_per_op":70684,"p95_ns_per_op":88376,"p99_ns_per_op":88511,"work_per_op":5698,"work_unit":"cells","work_per_second":68791500,"payload_bytes_per_op":13359,"p99_budget_ns":1000000}
{"type":"benchmark","name":"frontend.outbox.input","iterations":4160878,"samples":20,"median_ns_per_op":11,"min_ns_per_op":10,"p95_ns_per_op":11,"p99_ns_per_op":12,"work_per_op":12,"work_unit":"bytes","work_per_second":1090909090,"payload_bytes_per_op":0,"p99_budget_ns":1000000}
{"type":"benchmark","name":"frontend.keybind.route","iterations":160609,"samples":20,"median_ns_per_op":233,"min_ns_per_op":201,"p95_ns_per_op":255,"p99_ns_per_op":262,"work_per_op":12,"work_unit":"keys","work_per_second":51502145,"payload_bytes_per_op":0,"p99_budget_ns":1000000}
{"type":"benchmark","name":"frontend.lua.callback","iterations":67439,"samples":20,"median_ns_per_op":574,"min_ns_per_op":504,"p95_ns_per_op":597,"p99_ns_per_op":626,"work_per_op":1,"work_unit":"callbacks","work_per_second":1742160,"payload_bytes_per_op":0,"p99_budget_ns":1000000}
{"type":"benchmark","name":"frontend.pacer.late_frame","iterations":12389062,"samples":20,"median_ns_per_op":2,"min_ns_per_op":2,"p95_ns_per_op":3,"p99_ns_per_op":4,"work_per_op":1,"work_unit":"frames","work_per_second":500000000,"payload_bytes_per_op":0,"p99_budget_ns":1000000}
{"type":"benchmark","name":"frontend.flush.cursor_only","iterations":391763,"samples":20,"median_ns_per_op":97,"min_ns_per_op":89,"p95_ns_per_op":104,"p99_ns_per_op":104,"work_per_op":1,"work_unit":"frames","work_per_second":10309278,"payload_bytes_per_op":0,"p99_budget_ns":1000000}
{"type":"benchmark","name":"frontend.client_ui.chrome.tabs_1","iterations":1483,"samples":20,"median_ns_per_op":24276,"min_ns_per_op":21196,"p95_ns_per_op":26185,"p99_ns_per_op":26673,"work_per_op":1778,"work_unit":"cells","work_per_second":73241061,"payload_bytes_per_op":0,"p99_budget_ns":1000000}
{"type":"benchmark","name":"frontend.client_ui.chrome.tabs_8","iterations":1492,"samples":20,"median_ns_per_op":28551,"min_ns_per_op":24732,"p95_ns_per_op":29802,"p99_ns_per_op":31750,"work_per_op":1778,"work_unit":"cells","work_per_second":62274526,"payload_bytes_per_op":0,"p99_budget_ns":1000000}
{"type":"benchmark","name":"frontend.client_ui.chrome.tabs_64","iterations":1384,"samples":20,"median_ns_per_op":32970,"min_ns_per_op":30680,"p95_ns_per_op":34557,"p99_ns_per_op":38507,"work_per_op":1778,"work_unit":"cells","work_per_second":53927813,"payload_bytes_per_op":0,"p99_budget_ns":1000000}
{"type":"benchmark","name":"frontend.layout.directional_focus","iterations":458589,"samples":20,"median_ns_per_op":90,"min_ns_per_op":79,"p95_ns_per_op":95,"p99_ns_per_op":97,"work_per_op":4,"work_unit":"panes","work_per_second":44444444,"payload_bytes_per_op":0,"p99_budget_ns":1000000}
{"type":"benchmark","name":"frontend.multiplexer.compose_four","iterations":795,"samples":20,"median_ns_per_op":50077,"min_ns_per_op":43921,"p95_ns_per_op":53115,"p99_ns_per_op":53720,"work_per_op":5698,"work_unit":"cells","work_per_second":113784771,"payload_bytes_per_op":0,"p99_budget_ns":1000000}
{"type":"benchmark","name":"frontend.multiplexer.patch_one_cell","iterations":281747,"samples":20,"median_ns_per_op":144,"min_ns_per_op":129,"p95_ns_per_op":150,"p99_ns_per_op":156,"work_per_op":1,"work_unit":"cells","work_per_second":6944444,"payload_bytes_per_op":0,"p99_budget_ns":1000000}
{"type":"benchmark","name":"backend.kitty.ingest_zlib_rgba_1920x1080","iterations":9,"samples":20,"median_ns_per_op":4180986,"min_ns_per_op":3745111,"p95_ns_per_op":4527310,"p99_ns_per_op":4872083,"work_per_op":2073600,"work_unit":"pixels","work_per_second":495959565,"payload_bytes_per_op":43344,"p99_budget_ns":100000000}
{"type":"benchmark","name":"backend.kitty.shared_frame_3840x2160.publish","iterations":10,"samples":20,"median_ns_per_op":2691829,"min_ns_per_op":2045495,"p95_ns_per_op":3124216,"p99_ns_per_op":3266375,"work_per_op":8294400,"work_unit":"pixels","work_per_second":3081325002,"payload_bytes_per_op":0,"p99_budget_ns":100000000}
{"type":"benchmark","name":"backend.kitty.shared_frame_3840x2160.ingest","iterations":5,"samples":20,"median_ns_per_op":7916208,"min_ns_per_op":6480725,"p95_ns_per_op":8996533,"p99_ns_per_op":9600775,"work_per_op":8294400,"work_unit":"pixels","work_per_second":1047774388,"payload_bytes_per_op":0,"p99_budget_ns":100000000}
{"type":"benchmark","name":"backend.kitty.shared_frame_3840x2160.freeze","iterations":14,"samples":20,"median_ns_per_op":2863678,"min_ns_per_op":2581208,"p95_ns_per_op":3084041,"p99_ns_per_op":3256199,"work_per_op":8294400,"work_unit":"pixels","work_per_second":2896415029,"payload_bytes_per_op":0,"p99_budget_ns":100000000}
{"type":"benchmark","name":"frontend.kitty.transmit_rgba_64x64","iterations":7083,"samples":20,"median_ns_per_op":4545,"min_ns_per_op":4396,"p95_ns_per_op":5380,"p99_ns_per_op":7115,"work_per_op":4096,"work_unit":"pixels","work_per_second":901210121,"payload_bytes_per_op":22001,"p99_budget_ns":1000000}
{"type":"benchmark","name":"frontend.kitty.idle","iterations":5990917,"samples":20,"median_ns_per_op":7,"min_ns_per_op":6,"p95_ns_per_op":7,"p99_ns_per_op":7,"work_per_op":1,"work_unit":"frames","work_per_second":142857142,"payload_bytes_per_op":0,"p99_budget_ns":1000000}
{"type":"benchmark","name":"frontend.kitty.transmit_rgba_480x360","iterations":233,"samples":20,"median_ns_per_op":196619,"min_ns_per_op":184774,"p95_ns_per_op":212537,"p99_ns_per_op":213599,"work_per_op":172800,"work_unit":"pixels","work_per_second":878857078,"payload_bytes_per_op":923730,"p99_budget_ns":5000000}
{"type":"benchmark","name":"frontend.kitty.transmit_rgba_480x360_zlib","iterations":16,"samples":20,"median_ns_per_op":2362455,"min_ns_per_op":2126075,"p95_ns_per_op":2600401,"p99_ns_per_op":2613098,"work_per_op":172800,"work_unit":"pixels","work_per_second":73144250,"payload_bytes_per_op":49157,"p99_budget_ns":10000000}
{"type":"benchmark","name":"frontend.text.rasterize_jetbrains_mono","iterations":67,"samples":20,"median_ns_per_op":570589,"min_ns_per_op":524235,"p95_ns_per_op":615158,"p99_ns_per_op":653535,"work_per_op":51,"work_unit":"glyphs","work_per_second":89381,"payload_bytes_per_op":0,"p99_budget_ns":1000000}
