{"type":"metadata","zig":"0.16.0","mode":"ReleaseFast","arch":"aarch64","cpu":"apple_m3","os":"macos","cols":154,"rows":37,"samples":20,"sample_target_ns":40000000}
{"type":"benchmark","name":"backend.damage.one_cell","iterations":70035,"samples":20,"median_ns_per_op":573,"min_ns_per_op":566,"p95_ns_per_op":581,"p99_ns_per_op":583,"work_per_op":154,"work_unit":"cells","work_per_second":268760907,"payload_bytes_per_op":0,"p99_budget_ns":1000000}
{"type":"benchmark","name":"backend.damage.fragmented","iterations":2293,"samples":20,"median_ns_per_op":17565,"min_ns_per_op":17386,"p95_ns_per_op":18035,"p99_ns_per_op":18373,"work_per_op":4312,"work_unit":"cells","work_per_second":245488186,"payload_bytes_per_op":0,"p99_budget_ns":1000000}
{"type":"benchmark","name":"backend.damage.full_screen","iterations":6199,"samples":20,"median_ns_per_op":6654,"min_ns_per_op":6435,"p95_ns_per_op":6876,"p99_ns_per_op":7479,"work_per_op":5698,"work_unit":"cells","work_per_second":856327021,"payload_bytes_per_op":0,"p99_budget_ns":1000000}
{"type":"benchmark","name":"backend.frame.fragmented","iterations":1821,"samples":20,"median_ns_per_op":21965,"min_ns_per_op":21803,"p95_ns_per_op":22170,"p99_ns_per_op":22474,"work_per_op":4312,"work_unit":"cells","work_per_second":196312315,"payload_bytes_per_op":2786,"p99_budget_ns":1000000}
{"type":"benchmark","name":"backend.history.input_scan","iterations":930062,"samples":20,"median_ns_per_op":41,"min_ns_per_op":41,"p95_ns_per_op":42,"p99_ns_per_op":42,"work_per_op":30,"work_unit":"bytes","work_per_second":731707317,"payload_bytes_per_op":0,"p99_budget_ns":1000000}
{"type":"benchmark","name":"schema.encode.one_cell","iterations":3089698,"samples":20,"median_ns_per_op":13,"min_ns_per_op":12,"p95_ns_per_op":13,"p99_ns_per_op":13,"work_per_op":1,"work_unit":"cells","work_per_second":76923076,"payload_bytes_per_op":75,"p99_budget_ns":1000000}
{"type":"benchmark","name":"schema.encode.fragmented","iterations":14679,"samples":20,"median_ns_per_op":2775,"min_ns_per_op":2759,"p95_ns_per_op":2800,"p99_ns_per_op":2815,"work_per_op":448,"work_unit":"cells","work_per_second":161441441,"payload_bytes_per_op":4867,"p99_budget_ns":1000000}
{"type":"benchmark","name":"schema.encode.full_screen","iterations":1352,"samples":20,"median_ns_per_op":29776,"min_ns_per_op":29435,"p95_ns_per_op":30069,"p99_ns_per_op":30131,"work_per_op":5698,"work_unit":"cells","work_per_second":191362170,"payload_bytes_per_op":13359,"p99_budget_ns":1000000}
{"type":"benchmark","name":"schema.decode.one_cell","iterations":3174987,"samples":20,"median_ns_per_op":12,"min_ns_per_op":12,"p95_ns_per_op":12,"p99_ns_per_op":12,"work_per_op":1,"work_unit":"cells","work_per_second":83333333,"payload_bytes_per_op":75,"p99_budget_ns":1000000}
{"type":"benchmark","name":"schema.decode.fragmented","iterations":101931,"samples":20,"median_ns_per_op":390,"min_ns_per_op":388,"p95_ns_per_op":393,"p99_ns_per_op":393,"work_per_op":448,"work_unit":"cells","work_per_second":1148717948,"payload_bytes_per_op":4867,"p99_budget_ns":1000000}
{"type":"benchmark","name":"schema.decode.full_screen","iterations":3054874,"samples":20,"median_ns_per_op":12,"min_ns_per_op":12,"p95_ns_per_op":12,"p99_ns_per_op":12,"work_per_op":5698,"work_unit":"cells","work_per_second":474833333333,"payload_bytes_per_op":13359,"p99_budget_ns":1000000}
{"type":"benchmark","name":"frontend.pipeline.one_cell","iterations":354828,"samples":20,"median_ns_per_op":112,"min_ns_per_op":108,"p95_ns_per_op":113,"p99_ns_per_op":113,"work_per_op":1,"work_unit":"cells","work_per_second":8928571,"payload_bytes_per_op":75,"p99_budget_ns":1000000}
{"type":"benchmark","name":"frontend.pipeline.fragmented","iterations":2166,"samples":20,"median_ns_per_op":18383,"min_ns_per_op":18250,"p95_ns_per_op":18579,"p99_ns_per_op":18643,"work_per_op":448,"work_unit":"cells","work_per_second":24370342,"payload_bytes_per_op":4867,"p99_budget_ns":1000000}
{"type":"benchmark","name":"frontend.pipeline.full_screen","iterations":578,"samples":20,"median_ns_per_op":69510,"min_ns_per_op":69178,"p95_ns_per_op":69928,"p99_ns_per_op":70318,"work_per_op":5698,"work_unit":"cells","work_per_second":81973816,"payload_bytes_per_op":13359,"p99_budget_ns":1000000}
{"type":"benchmark","name":"frontend.outbox.input","iterations":4123871,"samples":20,"median_ns_per_op":9,"min_ns_per_op":9,"p95_ns_per_op":9,"p99_ns_per_op":9,"work_per_op":12,"work_unit":"bytes","work_per_second":1333333333,"payload_bytes_per_op":0,"p99_budget_ns":1000000}
{"type":"benchmark","name":"frontend.keybind.route","iterations":202617,"samples":20,"median_ns_per_op":195,"min_ns_per_op":194,"p95_ns_per_op":196,"p99_ns_per_op":197,"work_per_op":12,"work_unit":"keys","work_per_second":61538461,"payload_bytes_per_op":0,"p99_budget_ns":1000000}
{"type":"benchmark","name":"frontend.lua.callback","iterations":79189,"samples":20,"median_ns_per_op":493,"min_ns_per_op":483,"p95_ns_per_op":508,"p99_ns_per_op":509,"work_per_op":1,"work_unit":"callbacks","work_per_second":2028397,"payload_bytes_per_op":0,"p99_budget_ns":1000000}
{"type":"benchmark","name":"frontend.pacer.late_frame","iterations":16274798,"samples":20,"median_ns_per_op":2,"min_ns_per_op":2,"p95_ns_per_op":2,"p99_ns_per_op":2,"work_per_op":1,"work_unit":"frames","work_per_second":500000000,"payload_bytes_per_op":0,"p99_budget_ns":1000000}
{"type":"benchmark","name":"frontend.flush.cursor_only","iterations":474038,"samples":20,"median_ns_per_op":84,"min_ns_per_op":84,"p95_ns_per_op":85,"p99_ns_per_op":85,"work_per_op":1,"work_unit":"frames","work_per_second":11904761,"payload_bytes_per_op":0,"p99_budget_ns":1000000}
{"type":"benchmark","name":"frontend.client_ui.chrome.tabs_1","iterations":1907,"samples":20,"median_ns_per_op":20840,"min_ns_per_op":20654,"p95_ns_per_op":21051,"p99_ns_per_op":21149,"work_per_op":1778,"work_unit":"cells","work_per_second":85316698,"payload_bytes_per_op":0,"p99_budget_ns":1000000}
{"type":"benchmark","name":"frontend.client_ui.chrome.tabs_8","iterations":1677,"samples":20,"median_ns_per_op":23729,"min_ns_per_op":23549,"p95_ns_per_op":23850,"p99_ns_per_op":24090,"work_per_op":1778,"work_unit":"cells","work_per_second":74929411,"payload_bytes_per_op":0,"p99_budget_ns":1000000}
{"type":"benchmark","name":"frontend.client_ui.chrome.tabs_64","iterations":1433,"samples":20,"median_ns_per_op":27681,"min_ns_per_op":27491,"p95_ns_per_op":28743,"p99_ns_per_op":28875,"work_per_op":1778,"work_unit":"cells","work_per_second":64231783,"payload_bytes_per_op":0,"p99_budget_ns":1000000}
{"type":"benchmark","name":"frontend.layout.directional_focus","iterations":505707,"samples":20,"median_ns_per_op":79,"min_ns_per_op":78,"p95_ns_per_op":79,"p99_ns_per_op":81,"work_per_op":4,"work_unit":"panes","work_per_second":50632911,"payload_bytes_per_op":0,"p99_budget_ns":1000000}
{"type":"benchmark","name":"frontend.multiplexer.compose_four","iterations":950,"samples":20,"median_ns_per_op":42000,"min_ns_per_op":41760,"p95_ns_per_op":42312,"p99_ns_per_op":42533,"work_per_op":5698,"work_unit":"cells","work_per_second":135666666,"payload_bytes_per_op":0,"p99_budget_ns":1000000}
{"type":"benchmark","name":"frontend.multiplexer.patch_one_cell","iterations":325441,"samples":20,"median_ns_per_op":121,"min_ns_per_op":121,"p95_ns_per_op":123,"p99_ns_per_op":128,"work_per_op":1,"work_unit":"cells","work_per_second":8264462,"payload_bytes_per_op":0,"p99_budget_ns":1000000}
{"type":"benchmark","name":"backend.kitty.ingest_zlib_rgba_1920x1080","iterations":11,"samples":20,"median_ns_per_op":3315473,"min_ns_per_op":3160935,"p95_ns_per_op":3474269,"p99_ns_per_op":3535931,"work_per_op":2073600,"work_unit":"pixels","work_per_second":625431122,"payload_bytes_per_op":43344,"p99_budget_ns":100000000}
{"type":"benchmark","name":"backend.kitty.shared_frame_3840x2160.publish","iterations":16,"samples":20,"median_ns_per_op":2080164,"min_ns_per_op":1914484,"p95_ns_per_op":2234804,"p99_ns_per_op":2498322,"work_per_op":8294400,"work_unit":"pixels","work_per_second":3987377918,"payload_bytes_per_op":0,"p99_budget_ns":100000000}
{"type":"benchmark","name":"backend.kitty.shared_frame_3840x2160.ingest","iterations":6,"samples":20,"median_ns_per_op":6167076,"min_ns_per_op":5606486,"p95_ns_per_op":7173166,"p99_ns_per_op":7608840,"work_per_op":8294400,"work_unit":"pixels","work_per_second":1344948562,"payload_bytes_per_op":0,"p99_budget_ns":100000000}
{"type":"benchmark","name":"backend.kitty.shared_frame_3840x2160.freeze","iterations":20,"samples":20,"median_ns_per_op":2002662,"min_ns_per_op":1867156,"p95_ns_per_op":2441668,"p99_ns_per_op":5001358,"work_per_op":8294400,"work_unit":"pixels","work_per_second":4141687414,"payload_bytes_per_op":0,"p99_budget_ns":100000000}
{"type":"benchmark","name":"frontend.kitty.transmit_rgba_64x64","iterations":8818,"samples":20,"median_ns_per_op":4401,"min_ns_per_op":4234,"p95_ns_per_op":4515,"p99_ns_per_op":4520,"work_per_op":4096,"work_unit":"pixels","work_per_second":930697568,"payload_bytes_per_op":22001,"p99_budget_ns":1000000}
{"type":"benchmark","name":"frontend.kitty.idle","iterations":6773348,"samples":20,"median_ns_per_op":5,"min_ns_per_op":5,"p95_ns_per_op":5,"p99_ns_per_op":6,"work_per_op":1,"work_unit":"frames","work_per_second":200000000,"payload_bytes_per_op":0,"p99_budget_ns":1000000}
{"type":"benchmark","name":"frontend.kitty.transmit_rgba_480x360","iterations":244,"samples":20,"median_ns_per_op":169132,"min_ns_per_op":164672,"p95_ns_per_op":170173,"p99_ns_per_op":170361,"work_per_op":172800,"work_unit":"pixels","work_per_second":1021687202,"payload_bytes_per_op":923730,"p99_budget_ns":5000000}
{"type":"benchmark","name":"frontend.kitty.transmit_rgba_480x360_zlib","iterations":19,"samples":20,"median_ns_per_op":2038907,"min_ns_per_op":2027339,"p95_ns_per_op":2043296,"p99_ns_per_op":2045339,"work_per_op":172800,"work_unit":"pixels","work_per_second":84751290,"payload_bytes_per_op":49157,"p99_budget_ns":10000000}
{"type":"benchmark","name":"frontend.text.rasterize_jetbrains_mono","iterations":76,"samples":20,"median_ns_per_op":498505,"min_ns_per_op":495469,"p95_ns_per_op":512593,"p99_ns_per_op":525226,"work_per_op":51,"work_unit":"glyphs","work_per_second":102305,"payload_bytes_per_op":0,"p99_budget_ns":1000000}
