{"type":"metadata","zig":"0.16.0","mode":"ReleaseFast","arch":"aarch64","cpu":"apple_m3","os":"macos","cols":154,"rows":37,"samples":20,"sample_target_ns":40000000}
{"type":"benchmark","name":"backend.damage.one_cell","iterations":70560,"samples":20,"median_ns_per_op":568,"min_ns_per_op":565,"p95_ns_per_op":571,"p99_ns_per_op":574,"work_per_op":154,"work_unit":"cells","work_per_second":271126760,"payload_bytes_per_op":0,"p99_budget_ns":1000000}
{"type":"benchmark","name":"backend.damage.fragmented","iterations":2297,"samples":20,"median_ns_per_op":17509,"min_ns_per_op":17398,"p95_ns_per_op":17677,"p99_ns_per_op":18108,"work_per_op":4312,"work_unit":"cells","work_per_second":246273345,"payload_bytes_per_op":0,"p99_budget_ns":1000000}
{"type":"benchmark","name":"backend.damage.full_screen","iterations":6052,"samples":20,"median_ns_per_op":6454,"min_ns_per_op":6419,"p95_ns_per_op":6491,"p99_ns_per_op":6494,"work_per_op":5698,"work_unit":"cells","work_per_second":882863340,"payload_bytes_per_op":0,"p99_budget_ns":1000000}
{"type":"benchmark","name":"backend.frame.fragmented","iterations":1815,"samples":20,"median_ns_per_op":22454,"min_ns_per_op":22062,"p95_ns_per_op":28426,"p99_ns_per_op":42388,"work_per_op":4312,"work_unit":"cells","work_per_second":192037053,"payload_bytes_per_op":2786,"p99_budget_ns":1000000}
{"type":"benchmark","name":"backend.history.input_scan","iterations":970181,"samples":20,"median_ns_per_op":42,"min_ns_per_op":41,"p95_ns_per_op":43,"p99_ns_per_op":49,"work_per_op":30,"work_unit":"bytes","work_per_second":714285714,"payload_bytes_per_op":0,"p99_budget_ns":1000000}
{"type":"benchmark","name":"schema.encode.one_cell","iterations":3094999,"samples":20,"median_ns_per_op":12,"min_ns_per_op":12,"p95_ns_per_op":13,"p99_ns_per_op":14,"work_per_op":1,"work_unit":"cells","work_per_second":83333333,"payload_bytes_per_op":75,"p99_budget_ns":1000000}
{"type":"benchmark","name":"schema.encode.fragmented","iterations":14382,"samples":20,"median_ns_per_op":2864,"min_ns_per_op":2761,"p95_ns_per_op":3007,"p99_ns_per_op":3013,"work_per_op":448,"work_unit":"cells","work_per_second":156424581,"payload_bytes_per_op":4867,"p99_budget_ns":1000000}
{"type":"benchmark","name":"schema.encode.full_screen","iterations":1316,"samples":20,"median_ns_per_op":30156,"min_ns_per_op":29538,"p95_ns_per_op":32932,"p99_ns_per_op":32963,"work_per_op":5698,"work_unit":"cells","work_per_second":188950789,"payload_bytes_per_op":13359,"p99_budget_ns":1000000}
{"type":"benchmark","name":"schema.decode.one_cell","iterations":3176730,"samples":20,"median_ns_per_op":12,"min_ns_per_op":12,"p95_ns_per_op":13,"p99_ns_per_op":13,"work_per_op":1,"work_unit":"cells","work_per_second":83333333,"payload_bytes_per_op":75,"p99_budget_ns":1000000}
{"type":"benchmark","name":"schema.decode.fragmented","iterations":99871,"samples":20,"median_ns_per_op":403,"min_ns_per_op":395,"p95_ns_per_op":413,"p99_ns_per_op":426,"work_per_op":448,"work_unit":"cells","work_per_second":1111662531,"payload_bytes_per_op":4867,"p99_budget_ns":1000000}
{"type":"benchmark","name":"schema.decode.full_screen","iterations":3106287,"samples":20,"median_ns_per_op":13,"min_ns_per_op":12,"p95_ns_per_op":15,"p99_ns_per_op":19,"work_per_op":5698,"work_unit":"cells","work_per_second":438307692307,"payload_bytes_per_op":13359,"p99_budget_ns":1000000}
{"type":"benchmark","name":"frontend.pipeline.one_cell","iterations":348728,"samples":20,"median_ns_per_op":112,"min_ns_per_op":111,"p95_ns_per_op":113,"p99_ns_per_op":116,"work_per_op":1,"work_unit":"cells","work_per_second":8928571,"payload_bytes_per_op":75,"p99_budget_ns":1000000}
{"type":"benchmark","name":"frontend.pipeline.fragmented","iterations":2173,"samples":20,"median_ns_per_op":18905,"min_ns_per_op":18144,"p95_ns_per_op":19745,"p99_ns_per_op":19889,"work_per_op":448,"work_unit":"cells","work_per_second":23697434,"payload_bytes_per_op":4867,"p99_budget_ns":1000000}
{"type":"benchmark","name":"frontend.pipeline.full_screen","iterations":533,"samples":20,"median_ns_per_op":71361,"min_ns_per_op":69199,"p95_ns_per_op":74668,"p99_ns_per_op":76670,"work_per_op":5698,"work_unit":"cells","work_per_second":79847535,"payload_bytes_per_op":13359,"p99_budget_ns":1000000}
{"type":"benchmark","name":"frontend.outbox.input","iterations":4194304,"samples":20,"median_ns_per_op":9,"min_ns_per_op":9,"p95_ns_per_op":9,"p99_ns_per_op":10,"work_per_op":12,"work_unit":"bytes","work_per_second":1333333333,"payload_bytes_per_op":0,"p99_budget_ns":1000000}
{"type":"benchmark","name":"frontend.keybind.route","iterations":175183,"samples":20,"median_ns_per_op":204,"min_ns_per_op":196,"p95_ns_per_op":209,"p99_ns_per_op":212,"work_per_op":12,"work_unit":"keys","work_per_second":58823529,"payload_bytes_per_op":0,"p99_budget_ns":1000000}
{"type":"benchmark","name":"frontend.lua.callback","iterations":79183,"samples":20,"median_ns_per_op":512,"min_ns_per_op":488,"p95_ns_per_op":521,"p99_ns_per_op":532,"work_per_op":1,"work_unit":"callbacks","work_per_second":1953125,"payload_bytes_per_op":0,"p99_budget_ns":1000000}
{"type":"benchmark","name":"frontend.pacer.late_frame","iterations":16238961,"samples":20,"median_ns_per_op":2,"min_ns_per_op":2,"p95_ns_per_op":2,"p99_ns_per_op":2,"work_per_op":1,"work_unit":"frames","work_per_second":500000000,"payload_bytes_per_op":0,"p99_budget_ns":1000000}
{"type":"benchmark","name":"frontend.flush.cursor_only","iterations":457855,"samples":20,"median_ns_per_op":91,"min_ns_per_op":85,"p95_ns_per_op":115,"p99_ns_per_op":187,"work_per_op":1,"work_unit":"frames","work_per_second":10989010,"payload_bytes_per_op":0,"p99_budget_ns":1000000}
{"type":"benchmark","name":"frontend.client_ui.chrome.tabs_1","iterations":1830,"samples":20,"median_ns_per_op":25214,"min_ns_per_op":21132,"p95_ns_per_op":44475,"p99_ns_per_op":80317,"work_per_op":1778,"work_unit":"cells","work_per_second":70516379,"payload_bytes_per_op":0,"p99_budget_ns":1000000}
{"type":"benchmark","name":"frontend.client_ui.chrome.tabs_8","iterations":1185,"samples":20,"median_ns_per_op":29033,"min_ns_per_op":27101,"p95_ns_per_op":31721,"p99_ns_per_op":34028,"work_per_op":1778,"work_unit":"cells","work_per_second":61240657,"payload_bytes_per_op":0,"p99_budget_ns":1000000}
{"type":"benchmark","name":"frontend.client_ui.chrome.tabs_64","iterations":1164,"samples":20,"median_ns_per_op":32793,"min_ns_per_op":30190,"p95_ns_per_op":36954,"p99_ns_per_op":39405,"work_per_op":1778,"work_unit":"cells","work_per_second":54218888,"payload_bytes_per_op":0,"p99_budget_ns":1000000}
{"type":"benchmark","name":"frontend.layout.directional_focus","iterations":330147,"samples":20,"median_ns_per_op":90,"min_ns_per_op":85,"p95_ns_per_op":114,"p99_ns_per_op":122,"work_per_op":4,"work_unit":"panes","work_per_second":44444444,"payload_bytes_per_op":0,"p99_budget_ns":1000000}
{"type":"benchmark","name":"frontend.multiplexer.compose_four","iterations":889,"samples":20,"median_ns_per_op":46790,"min_ns_per_op":41759,"p95_ns_per_op":49139,"p99_ns_per_op":51699,"work_per_op":5698,"work_unit":"cells","work_per_second":121778157,"payload_bytes_per_op":0,"p99_budget_ns":1000000}
{"type":"benchmark","name":"frontend.multiplexer.patch_one_cell","iterations":324722,"samples":20,"median_ns_per_op":132,"min_ns_per_op":121,"p95_ns_per_op":145,"p99_ns_per_op":148,"work_per_op":1,"work_unit":"cells","work_per_second":7575757,"payload_bytes_per_op":0,"p99_budget_ns":1000000}
{"type":"benchmark","name":"backend.kitty.ingest_zlib_rgba_1920x1080","iterations":9,"samples":20,"median_ns_per_op":3977699,"min_ns_per_op":3278398,"p95_ns_per_op":4344416,"p99_ns_per_op":4572300,"work_per_op":2073600,"work_unit":"pixels","work_per_second":521306413,"payload_bytes_per_op":43344,"p99_budget_ns":100000000}
{"type":"benchmark","name":"backend.kitty.shared_frame_3840x2160.publish","iterations":14,"samples":20,"median_ns_per_op":2755761,"min_ns_per_op":2488250,"p95_ns_per_op":2927693,"p99_ns_per_op":3169068,"work_per_op":8294400,"work_unit":"pixels","work_per_second":3009840113,"payload_bytes_per_op":0,"p99_budget_ns":100000000}
{"type":"benchmark","name":"backend.kitty.shared_frame_3840x2160.ingest","iterations":5,"samples":20,"median_ns_per_op":7790341,"min_ns_per_op":6566991,"p95_ns_per_op":8733100,"p99_ns_per_op":8797883,"work_per_op":8294400,"work_unit":"pixels","work_per_second":1064703072,"payload_bytes_per_op":0,"p99_budget_ns":100000000}
{"type":"benchmark","name":"backend.kitty.shared_frame_3840x2160.freeze","iterations":14,"samples":20,"median_ns_per_op":2757794,"min_ns_per_op":2157095,"p95_ns_per_op":3026413,"p99_ns_per_op":3097577,"work_per_op":8294400,"work_unit":"pixels","work_per_second":3007621308,"payload_bytes_per_op":0,"p99_budget_ns":100000000}
{"type":"benchmark","name":"frontend.kitty.transmit_rgba_64x64","iterations":8496,"samples":20,"median_ns_per_op":4858,"min_ns_per_op":4283,"p95_ns_per_op":5186,"p99_ns_per_op":6896,"work_per_op":4096,"work_unit":"pixels","work_per_second":843145327,"payload_bytes_per_op":22001,"p99_budget_ns":1000000}
{"type":"benchmark","name":"frontend.kitty.idle","iterations":6669049,"samples":20,"median_ns_per_op":6,"min_ns_per_op":5,"p95_ns_per_op":7,"p99_ns_per_op":9,"work_per_op":1,"work_unit":"frames","work_per_second":166666666,"payload_bytes_per_op":0,"p99_budget_ns":1000000}
{"type":"benchmark","name":"frontend.kitty.transmit_rgba_480x360","iterations":206,"samples":20,"median_ns_per_op":205508,"min_ns_per_op":168466,"p95_ns_per_op":227784,"p99_ns_per_op":233364,"work_per_op":172800,"work_unit":"pixels","work_per_second":840843178,"payload_bytes_per_op":923730,"p99_budget_ns":5000000}
{"type":"benchmark","name":"frontend.kitty.transmit_rgba_480x360_zlib","iterations":16,"samples":20,"median_ns_per_op":2374174,"min_ns_per_op":2092242,"p95_ns_per_op":2561692,"p99_ns_per_op":3316234,"work_per_op":172800,"work_unit":"pixels","work_per_second":72783207,"payload_bytes_per_op":49157,"p99_budget_ns":10000000}
{"type":"benchmark","name":"frontend.text.rasterize_jetbrains_mono","iterations":67,"samples":20,"median_ns_per_op":592324,"min_ns_per_op":548589,"p95_ns_per_op":651440,"p99_ns_per_op":651909,"work_per_op":51,"work_unit":"glyphs","work_per_second":86101,"payload_bytes_per_op":0,"p99_budget_ns":1000000}
