{"mode": "gui", "round": "0-single-baseline", "viewport": [1000, 700], "pty_cells": [111, 31], "n": 100, "p50_ms": 8.357937447726727, "p95_ms": 19.481091562192884, "p99_ms": 26.445381692610688, "max_ms": 27.704166481271386}
{"mode": "gui", "round": "0-single-candidate", "viewport": [1000, 700], "pty_cells": [111, 31], "n": 100, "p50_ms": 7.789270835928619, "p95_ms": 19.042497850023203, "p99_ms": 27.53277537180112, "max_ms": 29.29666661657393}
{"mode": "gui", "round": "0-splits-load-baseline", "viewport": [1000, 700], "pty_cells": [53, 29], "n": 100, "p50_ms": 20.24497906677425, "p95_ms": 30.78993966337293, "p99_ms": 35.33681816887112, "max_ms": 38.23108342476189}
{"mode": "gui", "round": "0-splits-load-candidate", "viewport": [1000, 700], "pty_cells": [53, 29], "n": 100, "p50_ms": 16.495645861141384, "p95_ms": 25.39097899571061, "p99_ms": 35.73639620793984, "max_ms": 36.72437509521842}
{"mode": "gui", "round": "0-tabs-load-baseline", "viewport": [1000, 700], "pty_cells": [111, 31], "n": 100, "p50_ms": 5.758458166383207, "p95_ms": 19.07298108562826, "p99_ms": 24.15018119150773, "max_ms": 24.844625033438206}
{"mode": "gui", "round": "0-tabs-load-candidate", "viewport": [1000, 700], "pty_cells": [111, 31], "n": 100, "p50_ms": 6.2000208999961615, "p95_ms": 18.66860633017495, "p99_ms": 25.781511391978732, "max_ms": 29.812749940901995}
{"mode": "gui", "round": "1-single-candidate", "viewport": [1000, 700], "pty_cells": [111, 31], "n": 100, "p50_ms": 7.159604225307703, "p95_ms": 21.490193682257086, "p99_ms": 27.51370924990625, "max_ms": 28.965791454538703}
{"mode": "gui", "round": "1-single-baseline", "viewport": [1000, 700], "pty_cells": [111, 31], "n": 100, "p50_ms": 8.453750051558018, "p95_ms": 21.08338118996471, "p99_ms": 27.42474944330754, "max_ms": 31.475458294153214}
{"mode": "gui", "round": "1-splits-load-candidate", "viewport": [1000, 700], "pty_cells": [53, 29], "n": 100, "p50_ms": 16.92993741016835, "p95_ms": 29.775170749053355, "p99_ms": 33.51808205246925, "max_ms": 33.93870824947953}
{"mode": "gui", "round": "1-splits-load-baseline", "viewport": [1000, 700], "pty_cells": [53, 29], "n": 100, "p50_ms": 16.991125070489943, "p95_ms": 31.80186452809721, "p99_ms": 37.61430995538847, "max_ms": 69.023875053972}
{"mode": "gui", "round": "1-tabs-load-candidate", "viewport": [1000, 700], "pty_cells": [111, 31], "n": 100, "p50_ms": 6.989124929532409, "p95_ms": 24.424239597283304, "p99_ms": 25.44368276605383, "max_ms": 25.96504148095846}
{"mode": "gui", "round": "1-tabs-load-baseline", "viewport": [1000, 700], "pty_cells": [111, 31], "n": 100, "p50_ms": 5.795645760372281, "p95_ms": 18.382933386601508, "p99_ms": 25.50961779430509, "max_ms": 26.41229168511927}
{"mode": "gui", "round": "2-single-baseline", "viewport": [1000, 700], "pty_cells": [111, 31], "n": 100, "p50_ms": 7.945083314552903, "p95_ms": 17.105999868363135, "p99_ms": 22.15963752707476, "max_ms": 40.49237514846027}
{"mode": "gui", "round": "2-single-candidate", "viewport": [1000, 700], "pty_cells": [111, 31], "n": 100, "p50_ms": 7.440958404913545, "p95_ms": 21.758893656078723, "p99_ms": 26.851249996107075, "max_ms": 27.46587502770126}
{"mode": "gui", "round": "2-splits-load-baseline", "viewport": [1000, 700], "pty_cells": [53, 29], "n": 100, "p50_ms": 17.160041723400354, "p95_ms": 31.10486045479774, "p99_ms": 35.54831669200212, "max_ms": 35.81479168497026}
{"mode": "gui", "round": "2-splits-load-candidate", "viewport": [1000, 700], "pty_cells": [53, 29], "n": 100, "p50_ms": 17.069249995984137, "p95_ms": 28.28849167563021, "p99_ms": 37.611578304786235, "max_ms": 37.87508327513933}
{"mode": "gui", "round": "2-tabs-load-baseline", "viewport": [1000, 700], "pty_cells": [111, 31], "n": 100, "p50_ms": 6.625854293815792, "p95_ms": 18.325576942879707, "p99_ms": 21.57129889586942, "max_ms": 23.981000063940883}
{"mode": "gui", "round": "2-tabs-load-candidate", "viewport": [1000, 700], "pty_cells": [111, 31], "n": 100, "p50_ms": 6.212770938873291, "p95_ms": 21.77455616183579, "p99_ms": 24.53734904527665, "max_ms": 25.91254166327417}
{"mode": "gui", "round": "3-single-candidate", "viewport": [1000, 700], "pty_cells": [111, 31], "n": 100, "p50_ms": 6.159645738080144, "p95_ms": 18.281731067690995, "p99_ms": 26.13451112061739, "max_ms": 26.304750004783273}
{"mode": "gui", "round": "3-single-baseline", "viewport": [1000, 700], "pty_cells": [111, 31], "n": 100, "p50_ms": 6.959583261050284, "p95_ms": 22.93786463560536, "p99_ms": 26.96033219574022, "max_ms": 32.66920824535191}
{"mode": "gui", "round": "3-splits-load-candidate", "viewport": [1000, 700], "pty_cells": [53, 29], "n": 100, "p50_ms": 16.198312514461577, "p95_ms": 30.238141643349078, "p99_ms": 35.4573380877264, "max_ms": 37.68116678111255}
{"mode": "gui", "round": "3-splits-load-baseline", "viewport": [1000, 700], "pty_cells": [53, 29], "n": 100, "p50_ms": 18.385937553830445, "p95_ms": 29.5309831853956, "p99_ms": 33.91947211232036, "max_ms": 34.077583346515894}
{"mode": "gui", "round": "3-tabs-load-candidate", "viewport": [1000, 700], "pty_cells": [111, 31], "n": 100, "p50_ms": 6.268937489949167, "p95_ms": 19.16611039778217, "p99_ms": 26.436564193572856, "max_ms": 27.58966665714979}
{"mode": "gui", "round": "3-tabs-load-baseline", "viewport": [1000, 700], "pty_cells": [111, 31], "n": 100, "p50_ms": 6.46204175427556, "p95_ms": 19.893491594120857, "p99_ms": 24.43989079445601, "max_ms": 25.047833332791924}
