Scope: all 10 workspace projects
Lockfile is up to date, resolution step is skipped
Progress: resolved 1, reused 0, downloaded 0, added 0
Packages: +86
++++++++++++++++++++++++++++++++++++++++++++++++++++++++++++++++++++++++++++++++
Progress: resolved 86, reused 86, downloaded 0, added 86, done

devDependencies:
+ esbuild 0.25.12

browser postinstall$ bash ../scripts/fetch-electron.sh
browser postinstall: fetch-electron: downloading patched electron v43.3.0 (darwin-arm64)
browser postinstall: #=#=#
browser postinstall: ##O#-#
browser postinstall: ##O=#  #
browser postinstall:                                                                            0.4%
browser postinstall: ######                                                                     8.8%
browser postinstall: ##############                                                            20.0%
browser postinstall: ######################                                                    31.0%
browser postinstall: ########################                                                  34.0%
browser postinstall: ################################                                          45.4%
browser postinstall: #########################################                                 57.5%
browser postinstall: #################################################                         68.5%
browser postinstall: #########################################################                 79.9%
browser postinstall: ###########################################################               83.2%
browser postinstall: #####################################################################     96.5%
browser postinstall: ######################################################################## 100.0%
browser postinstall: fetch-electron: installed patched electron v43.3.0 into /private/tmp/telar-client-split-browser-source/node_modules/.pnpm/electron@43.3.0/node_modules/electron/dist
browser postinstall: Done
Done in 6.1s using pnpm v10.13.1

> terminal-graphics-engine@ build /private/tmp/telar-client-split-browser-source
> pnpm -r build

Scope: 9 of 10 workspace projects
engine/packages/pixel-react build$ npm run build:native && tsc -p tsconfig.json
store build$ tsc -p tsconfig.json
terminals build$ tsc -p tsconfig.json
engine/packages/pixel-react build: npm warn Unknown env config "recursive". This will stop working in the next major version of npm. See `npm help npmrc` for supported config options.
engine/packages/pixel-react build: npm warn Unknown env config "verify-deps-before-run". This will stop working in the next major version of npm. See `npm help npmrc` for supported config options.
engine/packages/pixel-react build: npm warn Unknown env config "_jsr-registry". This will stop working in the next major version of npm. See `npm help npmrc` for supported config options.
engine/packages/pixel-react build: > pixel-react@0.1.0 build:native
engine/packages/pixel-react build: > node scripts/build-native.mjs
engine/packages/pixel-react build:    Compiling libc v0.2.186
engine/packages/pixel-react build:    Compiling find-msvc-tools v0.1.9
engine/packages/pixel-react build:    Compiling shlex v2.0.1
engine/packages/pixel-react build:    Compiling proc-macro2 v1.0.106
engine/packages/pixel-react build:    Compiling quote v1.0.46
engine/packages/pixel-react build:    Compiling unicode-ident v1.0.24
engine/packages/pixel-react build:    Compiling tree-sitter-language v0.1.7
engine/packages/pixel-react build:    Compiling memchr v2.8.3
engine/packages/pixel-react build:    Compiling bitflags v2.13.0
engine/packages/pixel-react build:    Compiling autocfg v1.5.1
engine/packages/pixel-react build:    Compiling cfg-if v1.0.4
engine/packages/pixel-react build:    Compiling zmij v1.0.21
engine/packages/pixel-react build:    Compiling equivalent v1.0.2
engine/packages/pixel-react build:    Compiling objc2 v0.6.4
engine/packages/pixel-react build:    Compiling serde_core v1.0.228
engine/packages/pixel-react build:    Compiling itoa v1.0.18
engine/packages/pixel-react build:    Compiling simd-adler32 v0.3.9
engine/packages/pixel-react build:    Compiling regex-syntax v0.8.11
terminals build: Done
engine/packages/pixel-react build:    Compiling crc32fast v1.5.0
store build: Done
engine/packages/pixel-react build:    Compiling num-traits v0.2.19
engine/packages/pixel-react build:    Compiling syn v2.0.118
engine/packages/pixel-react build:    Compiling jobserver v0.1.35
engine/packages/pixel-react build:    Compiling cc v1.2.67
engine/packages/pixel-react build:    Compiling bytemuck v1.25.0
engine/packages/pixel-react build:    Compiling hashbrown v0.17.1
engine/packages/pixel-react build:    Compiling serde_json v1.0.150
engine/packages/pixel-react build:    Compiling log v0.4.33
engine/packages/pixel-react build:    Compiling adler2 v2.0.1
engine/packages/pixel-react build:    Compiling zerocopy v0.8.54
engine/packages/pixel-react build:    Compiling crossbeam-utils v0.8.22
engine/packages/pixel-react build:    Compiling objc2-encode v4.1.0
engine/packages/pixel-react build:    Compiling indexmap v2.14.0
engine/packages/pixel-react build:    Compiling miniz_oxide v0.8.9
engine/packages/pixel-react build:    Compiling crossbeam-epoch v0.9.20
engine/packages/pixel-react build:    Compiling flate2 v1.1.9
engine/packages/pixel-react build:    Compiling objc2-core-foundation v0.3.2
engine/packages/pixel-react build:    Compiling quick-error v2.0.1
engine/packages/pixel-react build:    Compiling zune-core v0.5.1
engine/packages/pixel-react build:    Compiling version_check v0.9.5
engine/packages/pixel-react build:    Compiling weezl v0.1.12
engine/packages/pixel-react build:    Compiling crossbeam-deque v0.8.7
engine/packages/pixel-react build:    Compiling same-file v1.0.6
engine/packages/pixel-react build:    Compiling walkdir v2.5.0
engine/packages/pixel-react build:    Compiling slotmap v1.1.1
engine/packages/pixel-react build:    Compiling zune-jpeg v0.5.15
engine/packages/pixel-react build:    Compiling nasm-rs v0.3.2
engine/packages/pixel-react build:    Compiling aho-corasick v1.1.4
engine/packages/pixel-react build:    Compiling fdeflate v0.3.7
engine/packages/pixel-react build:    Compiling fax v0.2.7
engine/packages/pixel-react build:    Compiling byteorder-lite v0.1.0
engine/packages/pixel-react build:    Compiling serde v1.0.228
engine/packages/pixel-react build:    Compiling pxfm v0.1.30
engine/packages/pixel-react build:    Compiling rayon-core v1.13.0
engine/packages/pixel-react build:    Compiling color_quant v1.1.0
engine/packages/pixel-react build:    Compiling gif v0.14.2
engine/packages/pixel-react build:    Compiling tree-sitter v0.26.10
engine/packages/pixel-react build:    Compiling openh264-sys2 v0.9.7
engine/packages/pixel-react build:    Compiling regex-automata v0.4.15
engine/packages/pixel-react build:    Compiling image-webp v0.2.4
engine/packages/pixel-react build:    Compiling moxcms v0.8.1
engine/packages/pixel-react build:    Compiling png v0.18.1
engine/packages/pixel-react build:    Compiling objc2-foundation v0.3.2
engine/packages/pixel-react build:    Compiling objc2-core-graphics v0.3.2
engine/packages/pixel-react build:    Compiling num-integer v0.1.46
engine/packages/pixel-react build:    Compiling strict-num v0.1.1
engine/packages/pixel-react build:    Compiling foldhash v0.1.5
engine/packages/pixel-react build:    Compiling rustix v1.1.4
engine/packages/pixel-react build:    Compiling arrayref v0.3.9
engine/packages/pixel-react build:    Compiling thiserror v2.0.18
engine/packages/pixel-react build:    Compiling arrayvec v0.7.8
engine/packages/pixel-react build:    Compiling thiserror v1.0.69
engine/packages/pixel-react build:    Compiling once_cell v1.21.4
engine/packages/pixel-react build:    Compiling unicode-segmentation v1.13.3
engine/packages/pixel-react build:    Compiling allocator-api2 v0.2.21
engine/packages/pixel-react build:    Compiling convert_case v0.6.0
engine/packages/pixel-react build:    Compiling hashbrown v0.15.5
engine/packages/pixel-react build:    Compiling objc2-app-kit v0.3.2
engine/packages/pixel-react build:    Compiling tiny-skia-path v0.11.4
engine/packages/pixel-react build:    Compiling regex v1.13.0
engine/packages/pixel-react build:    Compiling num-bigint v0.4.8
engine/packages/pixel-react build:    Compiling tree-sitter-bash v0.25.1
engine/packages/pixel-react build:    Compiling tree-sitter-typescript v0.23.2
engine/packages/pixel-react build:    Compiling tree-sitter-json v0.24.8
engine/packages/pixel-react build:    Compiling tree-sitter-javascript v0.25.0
engine/packages/pixel-react build:    Compiling tree-sitter-python v0.25.0
engine/packages/pixel-react build:    Compiling tree-sitter-rust v0.24.2
engine/packages/pixel-react build:    Compiling errno v0.3.14
engine/packages/pixel-react build:    Compiling grid v1.0.1
engine/packages/pixel-react build:    Compiling streaming-iterator v0.1.9
engine/packages/pixel-react build:    Compiling pulldown-cmark v0.13.4
engine/packages/pixel-react build:    Compiling semver v1.0.28
engine/packages/pixel-react build:    Compiling ttf-parser v0.21.1
engine/packages/pixel-react build:    Compiling napi-build v2.3.2
engine/packages/pixel-react build:    Compiling pixel-core v0.1.0 (/private/tmp/telar-client-split-browser-source/engine/crates/pixel-core)
engine/packages/pixel-react build:    Compiling either v1.17.0
engine/packages/pixel-react build:    Compiling rayon v1.12.0
engine/packages/pixel-react build:    Compiling fontdue v0.9.3
engine/packages/pixel-react build:    Compiling pixel-node v0.1.0 (/private/tmp/telar-client-split-browser-source/engine/crates/pixel-node)
engine/packages/pixel-react build:    Compiling napi-derive-backend v1.0.75
engine/packages/pixel-react build:    Compiling taffy v0.10.1
engine/packages/pixel-react build:    Compiling tiny-skia v0.11.4
engine/packages/pixel-react build:    Compiling wide v1.6.0
engine/packages/pixel-react build:    Compiling zerocopy-derive v0.8.54
engine/packages/pixel-react build:    Compiling serde_derive v1.0.228
engine/packages/pixel-react build:    Compiling thiserror-impl v2.0.18
engine/packages/pixel-react build:    Compiling thiserror-impl v1.0.69
engine/packages/pixel-react build:    Compiling ctor v0.2.9
engine/packages/pixel-react build:    Compiling unicase v2.9.0
engine/packages/pixel-react build:    Compiling byteorder v1.5.0
engine/packages/pixel-react build:    Compiling base64 v0.22.1
engine/packages/pixel-react build:    Compiling napi-sys v2.4.0
engine/packages/pixel-react build:    Compiling bytes v1.12.1
engine/packages/pixel-react build:    Compiling napi v2.16.17
engine/packages/pixel-react build:    Compiling napi-derive v2.16.13
engine/packages/pixel-react build:    Compiling similar v3.1.1
engine/packages/pixel-react build:    Compiling tree-sitter-highlight v0.26.10
engine/packages/pixel-react build:    Compiling lz4_flex v0.11.6
engine/packages/pixel-react build:    Compiling num-rational v0.4.2
engine/packages/pixel-react build:    Compiling mp4 v0.14.0
engine/packages/pixel-react build:    Compiling half v2.7.1
engine/packages/pixel-react build:    Compiling tiff v0.11.3
engine/packages/pixel-react build:    Compiling image v0.25.10
engine/packages/pixel-react build:    Compiling openh264 v0.9.7
engine/packages/pixel-react build:    Compiling arboard v3.6.1
engine/packages/pixel-react build:     Finished `dev` profile [unoptimized + debuginfo] target(s) in 1m 21s
engine/packages/pixel-react build: Done
cli build$ tsc -p tsconfig.json
browser build$ tsc -p tsconfig.json
cli build: Done
browser build: Done
telar runtime is stopping
no daemon running
{
  "source": "browser",
  "transport": "browser-chosen",
  "terminal_browser_revision": "cce10b6131d15bf46a3e4b8dc827e0544ff7fc65",
  "ghostty_version": "Ghostty 1.3.1",
  "checks": {
    "pinned_revision": true,
    "page_loaded": true,
    "page_completed": true,
    "keyboard_reached_chromium": true,
    "mouse_reached_chromium": false,
    "hybrid_sidebar_emitted": false,
    "exterior_kgp_supported": true,
    "pane_graphics_emitted": true,
    "runtime_forwarded_graphics": true,
    "no_pty_response_drops": true,
    "no_response_queue_drops": true,
    "no_client_resyncs": true,
    "no_media_resets": true,
    "no_media_drops": true,
    "history_isolated": true
  },
  "browser_events": [
    {
      "event": "page-loaded"
    },
    {
      "event": "key",
      "key": "a"
    },
    {
      "event": "text-input",
      "data": "a"
    },
    {
      "event": "input",
      "value": "a",
      "input_type": "insertText"
    },
    {
      "event": "completed",
      "keyboard_value": "a"
    }
  ],
  "run_directory": "/var/folders/cz/lh322p4d1gg9njv51jb3c_k40000gn/T/telar-terminal-browser-run-63m16v67",
  "frames": {
    "forwarded_per_second": 110.37,
    "published_per_second": 110.37,
    "presented_per_second": 112.41,
    "forwarded_series": [
      0.0,
      0.0,
      2.0,
      92.7,
      119.4,
      120.5,
      119.4,
      120.9,
      119.5,
      119.5,
      120.4,
      119.9,
      120.5,
      118.5,
      120.4,
      119.5,
      120.3,
      119.8,
      120.4,
      119.9,
      119.8,
      120.6,
      63.8,
      0.0
    ],
    "published_series": [
      0.0,
      0.0,
      2.0,
      92.7,
      119.4,
      120.5,
      119.4,
      120.9,
      119.5,
      119.5,
      120.4,
      119.9,
      120.5,
      118.5,
      120.4,
      119.5,
      120.3,
      119.8,
      120.4,
      119.9,
      119.8,
      120.6,
      63.8,
      0.0
    ],
    "presented_series": [
      0.0,
      0.0,
      2.0,
      94.9,
      120.4,
      119.9,
      119.4,
      119.6,
      120.4,
      120.5,
      119.9,
      119.5,
      119.2,
      120.8,
      120.0,
      119.8,
      120.0,
      119.6,
      119.4,
      120.9,
      119.6,
      119.9
    ],
    "frame_bytes": 0,
    "media_discarded_frames": 0,
    "media_unavailable_frames": 0,
    "media_ingest_avg_us": 1244,
    "media_ingest_max_us": 5771,
    "graphics_freeze_avg_us": 0,
    "graphics_freeze_max_us": 0,
    "graphics_stage_blocked": 0,
    "graphics_stage_deferred": 0,
    "media_direct_frames": 2326,
    "media_file_frames": 2326,
    "graphics_transfers_prepared": 0,
    "graphics_transfers_adopted": 2326,
    "media_deferrals": 0,
    "pane_present_interval_avg_us": 8736,
    "pane_present_interval_max_us": 703971,
    "shared_retire_latency_avg_us": 8803,
    "shared_retire_latency_max_us": 704006,
    "shared_expiries": 0
  }
}
verification artifacts kept at /var/folders/cz/lh322p4d1gg9njv51jb3c_k40000gn/T/telar-terminal-browser-run-63m16v67
