........
----------------------------------------------------------------------
Ran 8 tests in 0.017s

OK
telar-client module and capability boundaries passed
Build Summary: 19/19 steps succeeded; 776/776 tests passed
test-client success
+- run test 776 pass (776 total) 1s MaxRSS:38M
   +- compile test Debug native success 6s MaxRSS:855M
   |  +- WriteFile  cached
   |  +- compile lib simdutf ReleaseFast aarch64-macos.13.0 cached 69ms MaxRSS:34M
   |  |  +- WriteFile libc.txt cached
   |  +- WriteFile hwy cached
   |  +- compile lib highway ReleaseFast aarch64-macos.13.0 cached 58ms MaxRSS:35M
   |  |  +- WriteFile libc.txt (reused)
   |  +- compile lib simdutf ReleaseFast aarch64-macos.13.0 (+1 more reused dependencies)
   |  +- compile lib highway ReleaseFast aarch64-macos.13.0 (+1 more reused dependencies)
   |  +- options cached
   |  +- options cached
   |  +- WriteFile props.zig cached
   |  |  +- run exe props-unigen cached
   |  |  |  +- compile exe props-unigen Debug native cached 78ms MaxRSS:35M
   |  |  |     +- run exe uucode_generate (tables.zig) cached
   |  |  |        +- compile exe uucode_generate Debug native cached 77ms MaxRSS:35M
   |  |  +- run exe symbols-unigen cached
   |  |     +- compile exe symbols-unigen Debug native cached 78ms MaxRSS:35M
   |  |        +- run exe uucode_generate (tables.zig) (+1 more reused dependencies)
   |  +- WriteFile props.zig (+2 more reused dependencies)
   |  +- run exe uucode_generate (tables.zig) (+1 more reused dependencies)
   +- run python3 success 150ms
      +- run python3 success 85ms
