telar runtime is stopping
{
  "source": "synthetic:3840x2160@120",
  "transport": "file",
  "terminal_browser_revision": "n/a",
  "ghostty_version": "Ghostty 1.3.1",
  "checks": {
    "exterior_kgp_supported": true,
    "pane_graphics_emitted": true,
    "runtime_forwarded_graphics": true,
    "no_pty_response_drops": true,
    "no_response_queue_drops": true,
    "no_client_resyncs": true,
    "no_media_resets": true,
    "no_media_drops": true,
    "history_isolated": true,
    "presented_floor_met": true
  },
  "browser_events": [],
  "run_directory": "/var/folders/cz/lh322p4d1gg9njv51jb3c_k40000gn/T/telar-terminal-browser-run-jkprqpr5",
  "frames": {
    "forwarded_per_second": 72.7,
    "published_per_second": 72.7,
    "presented_per_second": 82.56,
    "forwarded_series": [
      84.6,
      86.7,
      86.5,
      88.6,
      88.0,
      88.0,
      83.2,
      85.2,
      85.9,
      81.7,
      74.5,
      68.3,
      84.9,
      73.7,
      84.8,
      89.8,
      0.0,
      0.0,
      0.0
    ],
    "published_series": [
      84.6,
      86.7,
      86.5,
      88.6,
      88.0,
      88.0,
      83.2,
      85.2,
      85.9,
      81.7,
      74.5,
      68.3,
      84.9,
      73.7,
      84.8,
      89.8,
      0.0,
      0.0,
      0.0
    ],
    "presented_series": [
      85.2,
      87.3,
      85.7,
      88.7,
      88.0,
      87.6,
      82.5,
      86.3,
      85.5,
      81.8,
      74.5,
      67.7,
      85.7,
      73.4,
      85.9,
      87.6
    ],
    "frame_bytes": 0,
    "media_discarded_frames": 627,
    "media_unavailable_frames": 0,
    "media_ingest_avg_us": 11668,
    "media_ingest_max_us": 37301,
    "graphics_freeze_avg_us": 0,
    "graphics_freeze_max_us": 0,
    "graphics_stage_blocked": 0,
    "graphics_stage_deferred": 5282,
    "media_direct_frames": 1414,
    "media_file_frames": 1414,
    "graphics_transfers_prepared": 0,
    "graphics_transfers_adopted": 1414,
    "media_deferrals": 0,
    "pane_present_interval_avg_us": 12033,
    "pane_present_interval_max_us": 37739,
    "shared_retire_latency_avg_us": 12199,
    "shared_retire_latency_max_us": 41915,
    "shared_expiries": 0
  }
}
