telar runtime is stopping
{
  "source": "synthetic:3840x2160@120",
  "transport": "shm",
  "terminal_browser_revision": "n/a",
  "ghostty_version": "Ghostty 1.3.1",
  "checks": {
    "exterior_kgp_supported": true,
    "pane_graphics_emitted": true,
    "runtime_forwarded_graphics": true,
    "no_pty_response_drops": true,
    "no_response_queue_drops": true,
    "no_client_resyncs": true,
    "no_media_resets": true,
    "no_media_drops": true,
    "history_isolated": true,
    "presented_floor_met": true
  },
  "browser_events": [],
  "run_directory": "/var/folders/cz/lh322p4d1gg9njv51jb3c_k40000gn/T/telar-terminal-browser-run-9qi33nhj",
  "frames": {
    "forwarded_per_second": 78.22,
    "published_per_second": 78.16,
    "presented_per_second": 87.43,
    "forwarded_series": [
      82.0,
      71.6,
      80.0,
      86.7,
      86.5,
      90.9,
      100.3,
      82.3,
      86.4,
      86.3,
      85.9,
      87.6,
      84.5,
      92.4,
      86.6,
      85.5,
      29.7,
      0.0,
      0.0
    ],
    "published_series": [
      82.0,
      71.6,
      80.0,
      86.7,
      86.5,
      90.9,
      100.3,
      82.3,
      86.4,
      86.3,
      85.9,
      87.6,
      84.5,
      92.4,
      86.6,
      85.5,
      28.7,
      0.0,
      0.0
    ],
    "presented_series": [
      82.2,
      71.7,
      80.7,
      86.6,
      85.9,
      91.1,
      100.0,
      82.3,
      85.9,
      86.9,
      85.7,
      87.6,
      85.3,
      91.5,
      87.1,
      85.3
    ],
    "frame_bytes": 0,
    "media_discarded_frames": 586,
    "media_unavailable_frames": 1,
    "media_ingest_avg_us": 11317,
    "media_ingest_max_us": 30686,
    "graphics_freeze_avg_us": 0,
    "graphics_freeze_max_us": 0,
    "graphics_stage_blocked": 0,
    "graphics_stage_deferred": 5225,
    "media_direct_frames": 1454,
    "media_file_frames": 0,
    "graphics_transfers_prepared": 0,
    "graphics_transfers_adopted": 1453,
    "media_deferrals": 0,
    "pane_present_interval_avg_us": 11718,
    "pane_present_interval_max_us": 31622,
    "shared_retire_latency_avg_us": 11938,
    "shared_retire_latency_max_us": 32890,
    "shared_expiries": 0
  }
}
