........
----------------------------------------------------------------------
Ran 8 tests in 0.017s

OK
telar-client module and capability boundaries passed
Build Summary: 17/17 steps succeeded
check-client success
+- compile test ReleaseSafe x86_64-linux-gnu success 3s MaxRSS:255M
|  +- WriteFile  cached
|  +- compile lib simdutf ReleaseSafe x86_64-linux-gnu success 4s MaxRSS:237M
|  +- WriteFile hwy cached
|  +- compile lib highway ReleaseSafe x86_64-linux-gnu success 3s MaxRSS:359M
|  +- compile lib simdutf ReleaseSafe x86_64-linux-gnu (reused)
|  +- compile lib highway ReleaseSafe x86_64-linux-gnu (reused)
|  +- options cached
|  +- options cached
|  +- WriteFile props.zig cached
|  |  +- run exe props-unigen cached
|  |  |  +- compile exe props-unigen Debug native cached 92ms MaxRSS:35M
|  |  |     +- run exe uucode_generate (tables.zig) cached
|  |  |        +- compile exe uucode_generate Debug native cached 89ms MaxRSS:35M
|  |  +- run exe symbols-unigen cached
|  |     +- compile exe symbols-unigen Debug native cached 93ms MaxRSS:35M
|  |        +- run exe uucode_generate (tables.zig) (+1 more reused dependencies)
|  +- WriteFile props.zig (+2 more reused dependencies)
|  +- run exe uucode_generate (tables.zig) (+1 more reused dependencies)
+- run python3 success 199ms
   +- run python3 success 107ms
