test-frontend
+- run test w
PERF compression_max_turn n=20 p50_ns=406125 p95_ns=449500 p99_ns=508375
PERF compression_total n=20 p50_ns=2912792 p95_ns=3146625 p99_ns=3221500
failed command: ./.zig-cache/o/69f142185ea206ed34060215f02bfc6c/test --cache-dir=./.zig-cache --seed=0xeda90db0 --listen=-

Build Summary: 44/44 steps succeeded; 1430/1430 tests passed
test-frontend success
+- run test 1430 pass (1430 total) 8s MaxRSS:59M
   +- compile test ReleaseSafe native success 1m MaxRSS:1G
      +- WriteFile cached
      +- compile lib lua ReleaseSafe native cached 70ms MaxRSS:34M
      +- compile lib lua ReleaseSafe native (reused)
      +- WriteFile  cached
      +- compile lib simdutf ReleaseSafe aarch64-macos.13.0 cached 74ms MaxRSS:34M
      |  +- WriteFile libc.txt cached
      +- WriteFile hwy cached
      +- compile lib highway ReleaseSafe aarch64-macos.13.0 cached 64ms MaxRSS:35M
      |  +- WriteFile libc.txt (reused)
      +- compile lib simdutf ReleaseSafe aarch64-macos.13.0 (+1 more reused dependencies)
      +- compile lib highway ReleaseSafe aarch64-macos.13.0 (+1 more reused dependencies)
      +- translate-c wuffs_c.h cached
      |  +- compile exe translate-c Debug native cached 68ms MaxRSS:35M
      |  |  +- options cached
      |  |  +- options cached
      |  |  +- options cached
      |  |  +- run exe generate-def (aarch64.zig) cached
      |  |  |  +- compile exe generate-def Debug native cached 79ms MaxRSS:35M
      |  |  +- run exe generate-def (amdgcn.zig) cached
      |  |  |  +- compile exe generate-def Debug native (reused)
      |  |  +- run exe generate-def (arm.zig) cached
      |  |  |  +- compile exe generate-def Debug native (reused)
      |  |  +- run exe generate-def (bpf.zig) cached
      |  |  |  +- compile exe generate-def Debug native (reused)
      |  |  +- run exe generate-def (common.zig) cached
      |  |  |  +- compile exe generate-def Debug native (reused)
      |  |  +- run exe generate-def (hexagon.zig) cached
      |  |  |  +- compile exe generate-def Debug native (reused)
      |  |  +- run exe generate-def (loongarch.zig) cached
      |  |  |  +- compile exe generate-def Debug native (reused)
      |  |  +- run exe generate-def (mips.zig) cached
      |  |  |  +- compile exe generate-def Debug native (reused)
      |  |  +- run exe generate-def (neon.zig) cached
      |  |  |  +- compile exe generate-def Debug native (reused)
      |  |  +- run exe generate-def (nvptx.zig) cached
      |  |  |  +- compile exe generate-def Debug native (reused)
      |  |  +- run exe generate-def (powerpc.zig) cached
      |  |  |  +- compile exe generate-def Debug native (reused)
      |  |  +- run exe generate-def (riscv.zig) cached
      |  |  |  +- compile exe generate-def Debug native (reused)
      |  |  +- run exe generate-def (s390x.zig) cached
      |  |  |  +- compile exe generate-def Debug native (reused)
      |  |  +- run exe generate-def (ve.zig) cached
      |  |  |  +- compile exe generate-def Debug native (reused)
      |  |  +- run exe generate-def (wasm.zig) cached
      |  |  |  +- compile exe generate-def Debug native (reused)
      |  |  +- run exe generate-def (x86_64.zig) cached
      |  |  |  +- compile exe generate-def Debug native (reused)
      |  |  +- run exe generate-def (x86.zig) cached
      |  |  |  +- compile exe generate-def Debug native (reused)
      |  |  +- run exe generate-def (xcore.zig) cached
      |  |     +- compile exe generate-def Debug native (reused)
      |  +- WriteFile libc.txt (reused)
      |  +- WriteFile wuffs_c.h cached
      +- options cached
      +- options cached
      +- WriteFile props.zig cached
      |  +- run exe props-unigen cached
      |  |  +- compile exe props-unigen Debug native cached 69ms MaxRSS:35M
      |  |     +- run exe uucode_generate (tables.zig) cached
      |  |        +- compile exe uucode_generate Debug native cached 76ms MaxRSS:35M
      |  +- run exe symbols-unigen cached
      |     +- compile exe symbols-unigen Debug native cached 59ms MaxRSS:35M
      |        +- run exe uucode_generate (tables.zig) (+1 more reused dependencies)
      +- WriteFile props.zig (+2 more reused dependencies)
      +- run exe uucode_generate (tables.zig) (+1 more reused dependencies)

