Build Summary: 17/17 steps succeeded; 774/774 tests passed
test-client success
+- run test 774 pass (774 total) 715ms MaxRSS:37M
   +- compile test Debug native cached 69ms MaxRSS:36M
      +- WriteFile  cached
      +- compile lib simdutf ReleaseFast aarch64-macos.13.0 cached 63ms MaxRSS:34M
      |  +- WriteFile libc.txt cached
      +- WriteFile hwy cached
      +- compile lib highway ReleaseFast aarch64-macos.13.0 cached 54ms MaxRSS:35M
      |  +- WriteFile libc.txt (reused)
      +- compile lib simdutf ReleaseFast aarch64-macos.13.0 (+1 more reused dependencies)
      +- compile lib highway ReleaseFast aarch64-macos.13.0 (+1 more reused dependencies)
      +- options cached
      +- options cached
      +- WriteFile props.zig cached
      |  +- run exe props-unigen cached
      |  |  +- compile exe props-unigen Debug native cached 55ms MaxRSS:35M
      |  |     +- run exe uucode_generate (tables.zig) cached
      |  |        +- compile exe uucode_generate Debug native cached 72ms MaxRSS:35M
      |  +- run exe symbols-unigen cached
      |     +- compile exe symbols-unigen Debug native cached 54ms MaxRSS:35M
      |        +- run exe uucode_generate (tables.zig) (+1 more reused dependencies)
      +- WriteFile props.zig (+2 more reused dependencies)
      +- run exe uucode_generate (tables.zig) (+1 more reused dependencies)

