Build Summary: 51/51 steps succeeded; 128/128 tests passed
test-schema success
+- run test 29 pass (29 total) 3s MaxRSS:124M
   +- compile test ReleaseSafe native cached 128ms MaxRSS:37M
   |  +- WriteFile cached
   |  +- compile lib lua ReleaseSafe native cached 66ms MaxRSS:34M
   |  +- compile lib lua ReleaseSafe native (reused)
   |  +- WriteFile  cached
   |  +- compile lib simdutf ReleaseSafe aarch64-macos.13.0 cached 69ms MaxRSS:34M
   |  |  +- WriteFile libc.txt cached
   |  +- WriteFile hwy cached
   |  +- compile lib highway ReleaseSafe aarch64-macos.13.0 cached 57ms MaxRSS:35M
   |  |  +- WriteFile libc.txt (reused)
   |  +- compile lib simdutf ReleaseSafe aarch64-macos.13.0 (+1 more reused dependencies)
   |  +- compile lib highway ReleaseSafe aarch64-macos.13.0 (+1 more reused dependencies)
   |  +- translate-c wuffs_c.h cached
   |  |  +- compile exe translate-c Debug native cached 52ms MaxRSS:35M
   |  |  |  +- options cached
   |  |  |  +- options cached
   |  |  |  +- options cached
   |  |  |  +- run exe generate-def (aarch64.zig) cached
   |  |  |  |  +- compile exe generate-def Debug native cached 76ms MaxRSS:35M
   |  |  |  +- run exe generate-def (amdgcn.zig) cached
   |  |  |  |  +- compile exe generate-def Debug native (reused)
   |  |  |  +- run exe generate-def (arm.zig) cached
   |  |  |  |  +- compile exe generate-def Debug native (reused)
   |  |  |  +- run exe generate-def (bpf.zig) cached
   |  |  |  |  +- compile exe generate-def Debug native (reused)
   |  |  |  +- run exe generate-def (common.zig) cached
   |  |  |  |  +- compile exe generate-def Debug native (reused)
   |  |  |  +- run exe generate-def (hexagon.zig) cached
   |  |  |  |  +- compile exe generate-def Debug native (reused)
   |  |  |  +- run exe generate-def (loongarch.zig) cached
   |  |  |  |  +- compile exe generate-def Debug native (reused)
   |  |  |  +- run exe generate-def (mips.zig) cached
   |  |  |  |  +- compile exe generate-def Debug native (reused)
   |  |  |  +- run exe generate-def (neon.zig) cached
   |  |  |  |  +- compile exe generate-def Debug native (reused)
   |  |  |  +- run exe generate-def (nvptx.zig) cached
   |  |  |  |  +- compile exe generate-def Debug native (reused)
   |  |  |  +- run exe generate-def (powerpc.zig) cached
   |  |  |  |  +- compile exe generate-def Debug native (reused)
   |  |  |  +- run exe generate-def (riscv.zig) cached
   |  |  |  |  +- compile exe generate-def Debug native (reused)
   |  |  |  +- run exe generate-def (s390x.zig) cached
   |  |  |  |  +- compile exe generate-def Debug native (reused)
   |  |  |  +- run exe generate-def (ve.zig) cached
   |  |  |  |  +- compile exe generate-def Debug native (reused)
   |  |  |  +- run exe generate-def (wasm.zig) cached
   |  |  |  |  +- compile exe generate-def Debug native (reused)
   |  |  |  +- run exe generate-def (x86_64.zig) cached
   |  |  |  |  +- compile exe generate-def Debug native (reused)
   |  |  |  +- run exe generate-def (x86.zig) cached
   |  |  |  |  +- compile exe generate-def Debug native (reused)
   |  |  |  +- run exe generate-def (xcore.zig) cached
   |  |  |     +- compile exe generate-def Debug native (reused)
   |  |  +- WriteFile libc.txt (reused)
   |  |  +- WriteFile wuffs_c.h cached
   |  +- options cached
   |  +- options cached
   |  +- WriteFile props.zig cached
   |  |  +- run exe props-unigen cached
   |  |  |  +- compile exe props-unigen Debug native cached 47ms MaxRSS:35M
   |  |  |     +- run exe uucode_generate (tables.zig) cached
   |  |  |        +- compile exe uucode_generate Debug native cached 78ms MaxRSS:35M
   |  |  +- run exe symbols-unigen cached
   |  |     +- compile exe symbols-unigen Debug native cached 50ms MaxRSS:35M
   |  |        +- run exe uucode_generate (tables.zig) (+1 more reused dependencies)
   |  +- WriteFile props.zig (+2 more reused dependencies)
   |  +- run exe uucode_generate (tables.zig) (+1 more reused dependencies)
   +- run schema test prerequisites success
      +- run test 2 pass (2 total) 11ms MaxRSS:8M
      |  +- compile test ReleaseSafe native cached 95ms MaxRSS:36M
      |     +- WriteFile (reused)
      |     +- compile lib lua ReleaseSafe native (reused)
      |     +- compile lib lua ReleaseSafe native (reused)
      |     +- WriteFile  (reused)
      |     +- compile lib simdutf ReleaseSafe aarch64-macos.13.0 (+1 more reused dependencies)
      |     +- WriteFile hwy (reused)
      |     +- compile lib highway ReleaseSafe aarch64-macos.13.0 (+1 more reused dependencies)
      |     +- compile lib simdutf ReleaseSafe aarch64-macos.13.0 (+1 more reused dependencies)
      |     +- compile lib highway ReleaseSafe aarch64-macos.13.0 (+1 more reused dependencies)
      |     +- translate-c wuffs_c.h (+3 more reused dependencies)
      |     +- options (reused)
      |     +- options (reused)
      |     +- WriteFile props.zig (+2 more reused dependencies)
      |     +- WriteFile props.zig (+2 more reused dependencies)
      |     +- run exe uucode_generate (tables.zig) (+1 more reused dependencies)
      +- run test 4 pass (4 total) 11ms MaxRSS:9M
      |  +- compile test ReleaseSafe native cached 95ms MaxRSS:36M
      |     +- WriteFile (reused)
      |     +- compile lib lua ReleaseSafe native (reused)
      |     +- compile lib lua ReleaseSafe native (reused)
      |     +- WriteFile  (reused)
      |     +- compile lib simdutf ReleaseSafe aarch64-macos.13.0 (+1 more reused dependencies)
      |     +- WriteFile hwy (reused)
      |     +- compile lib highway ReleaseSafe aarch64-macos.13.0 (+1 more reused dependencies)
      |     +- compile lib simdutf ReleaseSafe aarch64-macos.13.0 (+1 more reused dependencies)
      |     +- compile lib highway ReleaseSafe aarch64-macos.13.0 (+1 more reused dependencies)
      |     +- translate-c wuffs_c.h (+3 more reused dependencies)
      |     +- options (reused)
      |     +- options (reused)
      |     +- WriteFile props.zig (+2 more reused dependencies)
      |     +- WriteFile props.zig (+2 more reused dependencies)
      |     +- run exe uucode_generate (tables.zig) (+1 more reused dependencies)
      +- run test 93 pass (93 total) 17ms MaxRSS:18M
         +- compile test ReleaseSafe native cached 120ms MaxRSS:36M
            +- WriteFile (reused)
            +- compile lib lua ReleaseSafe native (reused)
            +- compile lib lua ReleaseSafe native (reused)
            +- WriteFile  (reused)
            +- compile lib simdutf ReleaseSafe aarch64-macos.13.0 (+1 more reused dependencies)
            +- WriteFile hwy (reused)
            +- compile lib highway ReleaseSafe aarch64-macos.13.0 (+1 more reused dependencies)
            +- compile lib simdutf ReleaseSafe aarch64-macos.13.0 (+1 more reused dependencies)
            +- compile lib highway ReleaseSafe aarch64-macos.13.0 (+1 more reused dependencies)
            +- translate-c wuffs_c.h (+3 more reused dependencies)
            +- options (reused)
            +- options (reused)
            +- WriteFile props.zig (+2 more reused dependencies)
            +- WriteFile props.zig (+2 more reused dependencies)
            +- run exe uucode_generate (tables.zig) (+1 more reused dependencies)
